Archive member included to satisfy reference by file (symbol)

d:/stm32/plugins/fr.ac6.mcu.externaltools.arm-none.win32_1.17.0.201812190825/tools/compiler/bin/../lib/gcc/arm-none-eabi/7.3.1/../../../../arm-none-eabi/lib/thumb/v7e-m/fpv4-sp/hard\libc_nano.a(lib_a-errno.o)
                              Core/Src/syscalls.o (__errno)
d:/stm32/plugins/fr.ac6.mcu.externaltools.arm-none.win32_1.17.0.201812190825/tools/compiler/bin/../lib/gcc/arm-none-eabi/7.3.1/../../../../arm-none-eabi/lib/thumb/v7e-m/fpv4-sp/hard\libc_nano.a(lib_a-exit.o)
                              d:/stm32/plugins/fr.ac6.mcu.externaltools.arm-none.win32_1.17.0.201812190825/tools/compiler/bin/../lib/gcc/arm-none-eabi/7.3.1/../../../../arm-none-eabi/lib/thumb/v7e-m/fpv4-sp/hard/crt0.o (exit)
d:/stm32/plugins/fr.ac6.mcu.externaltools.arm-none.win32_1.17.0.201812190825/tools/compiler/bin/../lib/gcc/arm-none-eabi/7.3.1/../../../../arm-none-eabi/lib/thumb/v7e-m/fpv4-sp/hard\libc_nano.a(lib_a-impure.o)
                              d:/stm32/plugins/fr.ac6.mcu.externaltools.arm-none.win32_1.17.0.201812190825/tools/compiler/bin/../lib/gcc/arm-none-eabi/7.3.1/../../../../arm-none-eabi/lib/thumb/v7e-m/fpv4-sp/hard\libc_nano.a(lib_a-exit.o) (_global_impure_ptr)
d:/stm32/plugins/fr.ac6.mcu.externaltools.arm-none.win32_1.17.0.201812190825/tools/compiler/bin/../lib/gcc/arm-none-eabi/7.3.1/../../../../arm-none-eabi/lib/thumb/v7e-m/fpv4-sp/hard\libc_nano.a(lib_a-init.o)
                              d:/stm32/plugins/fr.ac6.mcu.externaltools.arm-none.win32_1.17.0.201812190825/tools/compiler/bin/../lib/gcc/arm-none-eabi/7.3.1/../../../../arm-none-eabi/lib/thumb/v7e-m/fpv4-sp/hard/crt0.o (__libc_init_array)
d:/stm32/plugins/fr.ac6.mcu.externaltools.arm-none.win32_1.17.0.201812190825/tools/compiler/bin/../lib/gcc/arm-none-eabi/7.3.1/../../../../arm-none-eabi/lib/thumb/v7e-m/fpv4-sp/hard\libc_nano.a(lib_a-memset.o)
                              d:/stm32/plugins/fr.ac6.mcu.externaltools.arm-none.win32_1.17.0.201812190825/tools/compiler/bin/../lib/gcc/arm-none-eabi/7.3.1/../../../../arm-none-eabi/lib/thumb/v7e-m/fpv4-sp/hard/crt0.o (memset)

Allocating common symbols
Common symbol       size              file

uwTick              0x4               Drivers/STM32L4xx_HAL_Driver/Src/stm32l4xx_hal.o

Discarded input sections

 .text          0x00000000        0x0 d:/stm32/plugins/fr.ac6.mcu.externaltools.arm-none.win32_1.17.0.201812190825/tools/compiler/bin/../lib/gcc/arm-none-eabi/7.3.1/thumb/v7e-m/fpv4-sp/hard/crti.o
 .data          0x00000000        0x0 d:/stm32/plugins/fr.ac6.mcu.externaltools.arm-none.win32_1.17.0.201812190825/tools/compiler/bin/../lib/gcc/arm-none-eabi/7.3.1/thumb/v7e-m/fpv4-sp/hard/crti.o
 .bss           0x00000000        0x0 d:/stm32/plugins/fr.ac6.mcu.externaltools.arm-none.win32_1.17.0.201812190825/tools/compiler/bin/../lib/gcc/arm-none-eabi/7.3.1/thumb/v7e-m/fpv4-sp/hard/crti.o
 .data          0x00000000        0x4 d:/stm32/plugins/fr.ac6.mcu.externaltools.arm-none.win32_1.17.0.201812190825/tools/compiler/bin/../lib/gcc/arm-none-eabi/7.3.1/thumb/v7e-m/fpv4-sp/hard/crtbegin.o
 .text          0x00000000       0x74 d:/stm32/plugins/fr.ac6.mcu.externaltools.arm-none.win32_1.17.0.201812190825/tools/compiler/bin/../lib/gcc/arm-none-eabi/7.3.1/../../../../arm-none-eabi/lib/thumb/v7e-m/fpv4-sp/hard/crt0.o
 .data          0x00000000        0x0 d:/stm32/plugins/fr.ac6.mcu.externaltools.arm-none.win32_1.17.0.201812190825/tools/compiler/bin/../lib/gcc/arm-none-eabi/7.3.1/../../../../arm-none-eabi/lib/thumb/v7e-m/fpv4-sp/hard/crt0.o
 .bss           0x00000000        0x0 d:/stm32/plugins/fr.ac6.mcu.externaltools.arm-none.win32_1.17.0.201812190825/tools/compiler/bin/../lib/gcc/arm-none-eabi/7.3.1/../../../../arm-none-eabi/lib/thumb/v7e-m/fpv4-sp/hard/crt0.o
 .ARM.extab     0x00000000        0x0 d:/stm32/plugins/fr.ac6.mcu.externaltools.arm-none.win32_1.17.0.201812190825/tools/compiler/bin/../lib/gcc/arm-none-eabi/7.3.1/../../../../arm-none-eabi/lib/thumb/v7e-m/fpv4-sp/hard/crt0.o
 .ARM.exidx     0x00000000        0x8 d:/stm32/plugins/fr.ac6.mcu.externaltools.arm-none.win32_1.17.0.201812190825/tools/compiler/bin/../lib/gcc/arm-none-eabi/7.3.1/../../../../arm-none-eabi/lib/thumb/v7e-m/fpv4-sp/hard/crt0.o
 .ARM.attributes
                0x00000000       0x20 d:/stm32/plugins/fr.ac6.mcu.externaltools.arm-none.win32_1.17.0.201812190825/tools/compiler/bin/../lib/gcc/arm-none-eabi/7.3.1/../../../../arm-none-eabi/lib/thumb/v7e-m/fpv4-sp/hard/crt0.o
 .group         0x00000000        0xc Core/Src/main.o
 .group         0x00000000        0xc Core/Src/main.o
 .group         0x00000000        0xc Core/Src/main.o
 .group         0x00000000        0xc Core/Src/main.o
 .group         0x00000000        0xc Core/Src/main.o
 .group         0x00000000        0xc Core/Src/main.o
 .group         0x00000000        0xc Core/Src/main.o
 .group         0x00000000        0xc Core/Src/main.o
 .group         0x00000000        0xc Core/Src/main.o
[...]
Memory Configuration

Name             Origin             Length             Attributes
RAM              0x20000000         0x00010000         xrw
FLASH            0x08000000         0x00040000         xr
*default*        0x00000000         0xffffffff

Linker script and memory map

LOAD d:/stm32/plugins/fr.ac6.mcu.externaltools.arm-none.win32_1.17.0.201812190825/tools/compiler/bin/../lib/gcc/arm-none-eabi/7.3.1/thumb/v7e-m/fpv4-sp/hard/crti.o
LOAD d:/stm32/plugins/fr.ac6.mcu.externaltools.arm-none.win32_1.17.0.201812190825/tools/compiler/bin/../lib/gcc/arm-none-eabi/7.3.1/thumb/v7e-m/fpv4-sp/hard/crtbegin.o
LOAD d:/stm32/plugins/fr.ac6.mcu.externaltools.arm-none.win32_1.17.0.201812190825/tools/compiler/bin/../lib/gcc/arm-none-eabi/7.3.1/../../../../arm-none-eabi/lib/thumb/v7e-m/fpv4-sp/hard/crt0.o
LOAD Core/Src/main.o
LOAD Core/Src/stm32l4xx_hal_msp.o
LOAD Core/Src/stm32l4xx_it.o
LOAD Core/Src/syscalls.o
LOAD Core/Src/system_stm32l4xx.o
LOAD Drivers/STM32L4xx_HAL_Driver/Src/stm32l4xx_hal.o
LOAD Drivers/STM32L4xx_HAL_Driver/Src/stm32l4xx_hal_cortex.o
LOAD Drivers/STM32L4xx_HAL_Driver/Src/stm32l4xx_hal_dma.o
LOAD Drivers/STM32L4xx_HAL_Driver/Src/stm32l4xx_hal_dma_ex.o
LOAD Drivers/STM32L4xx_HAL_Driver/Src/stm32l4xx_hal_exti.o
LOAD Drivers/STM32L4xx_HAL_Driver/Src/stm32l4xx_hal_flash.o
LOAD Drivers/STM32L4xx_HAL_Driver/Src/stm32l4xx_hal_flash_ex.o
LOAD Drivers/STM32L4xx_HAL_Driver/Src/stm32l4xx_hal_flash_ramfunc.o
LOAD Drivers/STM32L4xx_HAL_Driver/Src/stm32l4xx_hal_gpio.o
LOAD Drivers/STM32L4xx_HAL_Driver/Src/stm32l4xx_hal_i2c.o
LOAD Drivers/STM32L4xx_HAL_Driver/Src/stm32l4xx_hal_i2c_ex.o
LOAD Drivers/STM32L4xx_HAL_Driver/Src/stm32l4xx_hal_pwr.o
LOAD Drivers/STM32L4xx_HAL_Driver/Src/stm32l4xx_hal_pwr_ex.o
LOAD Drivers/STM32L4xx_HAL_Driver/Src/stm32l4xx_hal_rcc.o
LOAD Drivers/STM32L4xx_HAL_Driver/Src/stm32l4xx_hal_rcc_ex.o
LOAD Drivers/STM32L4xx_HAL_Driver/Src/stm32l4xx_hal_tim.o
LOAD Drivers/STM32L4xx_HAL_Driver/Src/stm32l4xx_hal_tim_ex.o
LOAD startup/startup_stm32l432xx.o
LOAD d:/stm32/plugins/fr.ac6.mcu.externaltools.arm-none.win32_1.17.0.201812190825/tools/compiler/bin/../lib/gcc/arm-none-eabi/7.3.1/../../../../arm-none-eabi/lib/thumb/v7e-m/fpv4-sp/hard\libm.a
START GROUP
LOAD d:/stm32/plugins/fr.ac6.mcu.externaltools.arm-none.win32_1.17.0.201812190825/tools/compiler/bin/../lib/gcc/arm-none-eabi/7.3.1/thumb/v7e-m/fpv4-sp/hard\libgcc.a
LOAD d:/stm32/plugins/fr.ac6.mcu.externaltools.arm-none.win32_1.17.0.201812190825/tools/compiler/bin/../lib/gcc/arm-none-eabi/7.3.1/../../../../arm-none-eabi/lib/thumb/v7e-m/fpv4-sp/hard\libc_nano.a
END GROUP
START GROUP
LOAD d:/stm32/plugins/fr.ac6.mcu.externaltools.arm-none.win32_1.17.0.201812190825/tools/compiler/bin/../lib/gcc/arm-none-eabi/7.3.1/thumb/v7e-m/fpv4-sp/hard\libgcc.a
LOAD d:/stm32/plugins/fr.ac6.mcu.externaltools.arm-none.win32_1.17.0.201812190825/tools/compiler/bin/../lib/gcc/arm-none-eabi/7.3.1/../../../../arm-none-eabi/lib/thumb/v7e-m/fpv4-sp/hard\libc_nano.a
LOAD d:/stm32/plugins/fr.ac6.mcu.externaltools.arm-none.win32_1.17.0.201812190825/tools/compiler/bin/../lib/gcc/arm-none-eabi/7.3.1/../../../../arm-none-eabi/lib/thumb/v7e-m/fpv4-sp/hard\libnosys.a
END GROUP
START GROUP
LOAD d:/stm32/plugins/fr.ac6.mcu.externaltools.arm-none.win32_1.17.0.201812190825/tools/compiler/bin/../lib/gcc/arm-none-eabi/7.3.1/thumb/v7e-m/fpv4-sp/hard\libgcc.a
LOAD d:/stm32/plugins/fr.ac6.mcu.externaltools.arm-none.win32_1.17.0.201812190825/tools/compiler/bin/../lib/gcc/arm-none-eabi/7.3.1/../../../../arm-none-eabi/lib/thumb/v7e-m/fpv4-sp/hard\libc_nano.a
LOAD d:/stm32/plugins/fr.ac6.mcu.externaltools.arm-none.win32_1.17.0.201812190825/tools/compiler/bin/../lib/gcc/arm-none-eabi/7.3.1/../../../../arm-none-eabi/lib/thumb/v7e-m/fpv4-sp/hard\libnosys.a
END GROUP
LOAD d:/stm32/plugins/fr.ac6.mcu.externaltools.arm-none.win32_1.17.0.201812190825/tools/compiler/bin/../lib/gcc/arm-none-eabi/7.3.1/thumb/v7e-m/fpv4-sp/hard/crtend.o
LOAD d:/stm32/plugins/fr.ac6.mcu.externaltools.arm-none.win32_1.17.0.201812190825/tools/compiler/bin/../lib/gcc/arm-none-eabi/7.3.1/thumb/v7e-m/fpv4-sp/hard/crtn.o
                0x20010000                _estack = 0x20010000
                0x00000200                _Min_Heap_Size = 0x200
                0x00000400                _Min_Stack_Size = 0x400

.isr_vector     0x08000000      0x190
                0x08000000                . = ALIGN (0x8)
 *(.isr_vector)
 .isr_vector    0x08000000      0x18c startup/startup_stm32l432xx.o
                0x08000000                g_pfnVectors
                0x08000190                . = ALIGN (0x8)
 *fill*         0x0800018c        0x4 

.text           0x08000190      0xd00
                0x08000190                . = ALIGN (0x8)
 *(.text)
 .text          0x08000190       0x40 d:/stm32/plugins/fr.ac6.mcu.externaltools.arm-none.win32_1.17.0.201812190825/tools/compiler/bin/../lib/gcc/arm-none-eabi/7.3.1/thumb/v7e-m/fpv4-sp/hard/crtbegin.o
 *(.text*)
 .text.SystemClock_Config
                0x080001d0       0x4c Core/Src/main.o
                0x080001d0                SystemClock_Config
 .text.main     0x0800021c        0xc Core/Src/main.o
                0x0800021c                main
 .text.HAL_MspInit
                0x08000228       0x30 Core/Src/stm32l4xx_hal_msp.o
                0x08000228                HAL_MspInit
 .text.NMI_Handler
                0x08000258        0x2 Core/Src/stm32l4xx_it.o
                0x08000258                NMI_Handler
 .text.HardFault_Handler
                0x0800025a        0x2 Core/Src/stm32l4xx_it.o
                0x0800025a                HardFault_Handler
 .text.MemManage_Handler
                0x0800025c        0x2 Core/Src/stm32l4xx_it.o
                0x0800025c                MemManage_Handler
 .text.BusFault_Handler
                0x0800025e        0x2 Core/Src/stm32l4xx_it.o
                0x0800025e                BusFault_Handler
 .text.UsageFault_Handler
                0x08000260        0x2 Core/Src/stm32l4xx_it.o
                0x08000260                UsageFault_Handler
 .text.SVC_Handler
                0x08000262        0x2 Core/Src/stm32l4xx_it.o
                0x08000262                SVC_Handler
 .text.DebugMon_Handler
                0x08000264        0x2 Core/Src/stm32l4xx_it.o
                0x08000264                DebugMon_Handler
 .text.PendSV_Handler
                0x08000266        0x2 Core/Src/stm32l4xx_it.o
                0x08000266                PendSV_Handler
 .text.SysTick_Handler
                0x08000268        0x8 Core/Src/stm32l4xx_it.o
                0x08000268                SysTick_Handler
 .text.SystemInit
                0x08000270       0x48 Core/Src/system_stm32l4xx.o
                0x08000270                SystemInit
 .text.HAL_InitTick
                0x080002b8       0x4c Drivers/STM32L4xx_HAL_Driver/Src/stm32l4xx_hal.o
                0x080002b8                HAL_InitTick
 .text.HAL_Init
                0x08000304       0x1e Drivers/STM32L4xx_HAL_Driver/Src/stm32l4xx_hal.o
                0x08000304                HAL_Init
 *fill*         0x08000322        0x2 
 .text.HAL_IncTick
                0x08000324       0x18 Drivers/STM32L4xx_HAL_Driver/Src/stm32l4xx_hal.o
                0x08000324                HAL_IncTick
 .text.HAL_GetTick
                0x0800033c        0xc Drivers/STM32L4xx_HAL_Driver/Src/stm32l4xx_hal.o
                0x0800033c                HAL_GetTick
 .text.HAL_NVIC_SetPriorityGrouping
                0x08000348       0x24 Drivers/STM32L4xx_HAL_Driver/Src/stm32l4xx_hal_cortex.o
                0x08000348                HAL_NVIC_SetPriorityGrouping
 .text.HAL_NVIC_SetPriority
                0x0800036c       0x68 Drivers/STM32L4xx_HAL_Driver/Src/stm32l4xx_hal_cortex.o
                0x0800036c                HAL_NVIC_SetPriority
 .text.HAL_SYSTICK_Config
                0x080003d4       0x2c Drivers/STM32L4xx_HAL_Driver/Src/stm32l4xx_hal_cortex.o
                0x080003d4                HAL_SYSTICK_Config
 .text.HAL_PWREx_GetVoltageRange
                0x08000400       0x10 Drivers/STM32L4xx_HAL_Driver/Src/stm32l4xx_hal_pwr_ex.o
                0x08000400                HAL_PWREx_GetVoltageRange
 .text.HAL_PWREx_ControlVoltageScaling
                0x08000410       0x90 Drivers/STM32L4xx_HAL_Driver/Src/stm32l4xx_hal_pwr_ex.o
                0x08000410                HAL_PWREx_ControlVoltageScaling
 .text.RCC_SetFlashLatencyFromMSIRange
                0x080004a0       0x90 Drivers/STM32L4xx_HAL_Driver/Src/stm32l4xx_hal_rcc.o
 .text.HAL_RCC_GetSysClockFreq
                0x08000530       0xb4 Drivers/STM32L4xx_HAL_Driver/Src/stm32l4xx_hal_rcc.o
                0x08000530                HAL_RCC_GetSysClockFreq
 .text.HAL_RCC_OscConfig
                0x080005e4      0x68c Drivers/STM32L4xx_HAL_Driver/Src/stm32l4xx_hal_rcc.o
                0x080005e4                HAL_RCC_OscConfig
 .text.HAL_RCC_ClockConfig
                0x08000c70      0x158 Drivers/STM32L4xx_HAL_Driver/Src/stm32l4xx_hal_rcc.o
                0x08000c70                HAL_RCC_ClockConfig
 .text.Reset_Handler
                0x08000dc8       0x50 startup/startup_stm32l432xx.o
                0x08000dc8                Reset_Handler
 .text.Default_Handler
                0x08000e18        0x2 startup/startup_stm32l432xx.o
                0x08000e18                RTC_Alarm_IRQHandler
                0x08000e18                EXTI2_IRQHandler
                0x08000e18                TIM1_CC_IRQHandler
                0x08000e18                TSC_IRQHandler
                0x08000e18                TAMP_STAMP_IRQHandler
                0x08000e18                EXTI3_IRQHandler
                0x08000e18                LPTIM2_IRQHandler
                0x08000e18                I2C3_ER_IRQHandler
                0x08000e18                EXTI0_IRQHandler
                0x08000e18                CAN1_RX0_IRQHandler
                0x08000e18                FPU_IRQHandler
                0x08000e18                TIM1_UP_TIM16_IRQHandler
                0x08000e18                SPI1_IRQHandler
                0x08000e18                TIM6_DAC_IRQHandler
                0x08000e18                DMA2_Channel2_IRQHandler
                0x08000e18                DMA1_Channel4_IRQHandler
                0x08000e18                ADC1_IRQHandler
                0x08000e18                DMA1_Channel7_IRQHandler
                0x08000e18                CAN1_RX1_IRQHandler
                0x08000e18                DMA2_Channel1_IRQHandler
                0x08000e18                QUADSPI_IRQHandler
                0x08000e18                I2C1_EV_IRQHandler
                0x08000e18                DMA1_Channel6_IRQHandler
                0x08000e18                DMA2_Channel4_IRQHandler
                0x08000e18                RCC_IRQHandler
                0x08000e18                TIM1_TRG_COM_IRQHandler
                0x08000e18                DMA1_Channel1_IRQHandler
                0x08000e18                Default_Handler
                0x08000e18                DMA2_Channel7_IRQHandler
                0x08000e18                EXTI15_10_IRQHandler
                0x08000e18                TIM7_IRQHandler
                0x08000e18                I2C3_EV_IRQHandler
                0x08000e18                USB_IRQHandler
                0x08000e18                EXTI9_5_IRQHandler
                0x08000e18                RTC_WKUP_IRQHandler
                0x08000e18                PVD_PVM_IRQHandler
                0x08000e18                CAN1_TX_IRQHandler
                0x08000e18                DMA2_Channel5_IRQHandler
                0x08000e18                CRS_IRQHandler
                0x08000e18                DMA1_Channel5_IRQHandler
                0x08000e18                EXTI4_IRQHandler
                0x08000e18                RNG_IRQHandler
                0x08000e18                DMA1_Channel3_IRQHandler
                0x08000e18                COMP_IRQHandler
                0x08000e18                WWDG_IRQHandler
                0x08000e18                LPUART1_IRQHandler
                0x08000e18                DMA2_Channel6_IRQHandler
                0x08000e18                TIM2_IRQHandler
                0x08000e18                EXTI1_IRQHandler
                0x08000e18                USART2_IRQHandler
                0x08000e18                DMA1_Channel2_IRQHandler
                0x08000e18                CAN1_SCE_IRQHandler
                0x08000e18                FLASH_IRQHandler
                0x08000e18                USART1_IRQHandler
                0x08000e18                SPI3_IRQHandler
                0x08000e18                I2C1_ER_IRQHandler
                0x08000e18                SWPMI1_IRQHandler
                0x08000e18                LPTIM1_IRQHandler
                0x08000e18                SAI1_IRQHandler
                0x08000e18                DMA2_Channel3_IRQHandler
                0x08000e18                TIM1_BRK_TIM15_IRQHandler
 *fill*         0x08000e1a        0x2 
 .text.__libc_init_array
                0x08000e1c       0x48 d:/stm32/plugins/fr.ac6.mcu.externaltools.arm-none.win32_1.17.0.201812190825/tools/compiler/bin/../lib/gcc/arm-none-eabi/7.3.1/../../../../arm-none-eabi/lib/thumb/v7e-m/fpv4-sp/hard\libc_nano.a(lib_a-init.o)
                0x08000e1c                __libc_init_array
 .text.memset   0x08000e64       0x10 d:/stm32/plugins/fr.ac6.mcu.externaltools.arm-none.win32_1.17.0.201812190825/tools/compiler/bin/../lib/gcc/arm-none-eabi/7.3.1/../../../../arm-none-eabi/lib/thumb/v7e-m/fpv4-sp/hard\libc_nano.a(lib_a-memset.o)
                0x08000e64                memset
 *(.glue_7)
 .glue_7        0x08000e74        0x0 linker stubs
 *(.glue_7t)
 .glue_7t       0x08000e74        0x0 linker stubs
 *(.eh_frame)
 .eh_frame      0x08000e74        0x0 d:/stm32/plugins/fr.ac6.mcu.externaltools.arm-none.win32_1.17.0.201812190825/tools/compiler/bin/../lib/gcc/arm-none-eabi/7.3.1/thumb/v7e-m/fpv4-sp/hard/crtbegin.o
 *(.init)
 .init          0x08000e74        0x4 d:/stm32/plugins/fr.ac6.mcu.externaltools.arm-none.win32_1.17.0.201812190825/tools/compiler/bin/../lib/gcc/arm-none-eabi/7.3.1/thumb/v7e-m/fpv4-sp/hard/crti.o
                0x08000e74                _init
 .init          0x08000e78        0x8 d:/stm32/plugins/fr.ac6.mcu.externaltools.arm-none.win32_1.17.0.201812190825/tools/compiler/bin/../lib/gcc/arm-none-eabi/7.3.1/thumb/v7e-m/fpv4-sp/hard/crtn.o
 *(.fini)
 .fini          0x08000e80        0x4 d:/stm32/plugins/fr.ac6.mcu.externaltools.arm-none.win32_1.17.0.201812190825/tools/compiler/bin/../lib/gcc/arm-none-eabi/7.3.1/thumb/v7e-m/fpv4-sp/hard/crti.o
                0x08000e80                _fini
 .fini          0x08000e84        0x8 d:/stm32/plugins/fr.ac6.mcu.externaltools.arm-none.win32_1.17.0.201812190825/tools/compiler/bin/../lib/gcc/arm-none-eabi/7.3.1/thumb/v7e-m/fpv4-sp/hard/crtn.o
                0x08000e90                . = ALIGN (0x8)
 *fill*         0x08000e8c        0x4 
                0x08000e90                _etext = .

.vfp11_veneer   0x08000e90        0x0
 .vfp11_veneer  0x08000e90        0x0 linker stubs

.v4_bx          0x08000e90        0x0
 .v4_bx         0x08000e90        0x0 linker stubs

.iplt           0x08000e90        0x0
 .iplt          0x08000e90        0x0 d:/stm32/plugins/fr.ac6.mcu.externaltools.arm-none.win32_1.17.0.201812190825/tools/compiler/bin/../lib/gcc/arm-none-eabi/7.3.1/thumb/v7e-m/fpv4-sp/hard/crtbegin.o

.rodata         0x08000e90       0x48
                0x08000e90                . = ALIGN (0x8)
 *(.rodata)
 .rodata        0x08000e90       0x48 Core/Src/system_stm32l4xx.o
                0x08000e90                MSIRangeTable
                0x08000ec0                AHBPrescTable
                0x08000ed0                APBPrescTable
 *(.rodata*)
                0x08000ed8                . = ALIGN (0x8)

.rel.dyn        0x08000ed8        0x0
 .rel.iplt      0x08000ed8        0x0 d:/stm32/plugins/fr.ac6.mcu.externaltools.arm-none.win32_1.17.0.201812190825/tools/compiler/bin/../lib/gcc/arm-none-eabi/7.3.1/thumb/v7e-m/fpv4-sp/hard/crtbegin.o

.ARM.extab      0x08000ed8        0x0
                0x08000ed8                . = ALIGN (0x8)
 *(.ARM.extab* .gnu.linkonce.armextab.*)
                0x08000ed8                . = ALIGN (0x8)

.ARM            0x08000ed8        0x0
                0x08000ed8                . = ALIGN (0x8)
                0x08000ed8                __exidx_start = .
 *(.ARM.exidx*)
                0x08000ed8                __exidx_end = .
                0x08000ed8                . = ALIGN (0x8)

.preinit_array  0x08000ed8        0x0
                0x08000ed8                . = ALIGN (0x8)
                0x08000ed8                PROVIDE (__preinit_array_start = .)
 *(.preinit_array*)
                0x08000ed8                PROVIDE (__preinit_array_end = .)
                0x08000ed8                . = ALIGN (0x8)

.init_array     0x08000ed8        0x8
                0x08000ed8                . = ALIGN (0x8)
                0x08000ed8                PROVIDE (__init_array_start = .)
 *(SORT_BY_NAME(.init_array.*))
 *(.init_array*)
 .init_array    0x08000ed8        0x4 d:/stm32/plugins/fr.ac6.mcu.externaltools.arm-none.win32_1.17.0.201812190825/tools/compiler/bin/../lib/gcc/arm-none-eabi/7.3.1/thumb/v7e-m/fpv4-sp/hard/crtbegin.o
                0x08000edc                PROVIDE (__init_array_end = .)
                0x08000ee0                . = ALIGN (0x8)
 *fill*         0x08000edc        0x4 

.fini_array     0x08000ee0        0x8
                0x08000ee0                . = ALIGN (0x8)
                [!provide]                PROVIDE (__fini_array_start = .)
 *(SORT_BY_NAME(.fini_array.*))
 *(.fini_array*)
 .fini_array    0x08000ee0        0x4 d:/stm32/plugins/fr.ac6.mcu.externaltools.arm-none.win32_1.17.0.201812190825/tools/compiler/bin/../lib/gcc/arm-none-eabi/7.3.1/thumb/v7e-m/fpv4-sp/hard/crtbegin.o
                [!provide]                PROVIDE (__fini_array_end = .)
                0x08000ee8                . = ALIGN (0x8)
 *fill*         0x08000ee4        0x4 
                0x08000ee8                _sidata = LOADADDR (.data)

.data           0x20000000       0x10 load address 0x08000ee8
                0x20000000                . = ALIGN (0x8)
                0x20000000                _sdata = .
 *(.data)
 .data          0x20000000        0x4 Core/Src/system_stm32l4xx.o
                0x20000000                SystemCoreClock
 .data          0x20000004        0x8 Drivers/STM32L4xx_HAL_Driver/Src/stm32l4xx_hal.o
                0x20000004                uwTickFreq
                0x20000008                uwTickPrio
 *(.data*)
                0x20000010                . = ALIGN (0x8)
 *fill*         0x2000000c        0x4 
                0x20000010                _edata = .

.igot.plt       0x20000010        0x0 load address 0x08000ef8
 .igot.plt      0x20000010        0x0 d:/stm32/plugins/fr.ac6.mcu.externaltools.arm-none.win32_1.17.0.201812190825/tools/compiler/bin/../lib/gcc/arm-none-eabi/7.3.1/thumb/v7e-m/fpv4-sp/hard/crtbegin.o
                0x20000010                . = ALIGN (0x4)

.bss            0x20000010       0x20 load address 0x08000ef8
                0x20000010                _sbss = .
                0x20000010                __bss_start__ = _sbss
 *(.bss)
 .bss           0x20000010       0x1c d:/stm32/plugins/fr.ac6.mcu.externaltools.arm-none.win32_1.17.0.201812190825/tools/compiler/bin/../lib/gcc/arm-none-eabi/7.3.1/thumb/v7e-m/fpv4-sp/hard/crtbegin.o
 *(.bss*)
 *(COMMON)
 COMMON         0x2000002c        0x4 Drivers/STM32L4xx_HAL_Driver/Src/stm32l4xx_hal.o
                0x2000002c                uwTick
                0x20000030                . = ALIGN (0x4)
                0x20000030                _ebss = .
                0x20000030                __bss_end__ = _ebss

._user_heap_stack
                0x20000030      0x600 load address 0x08000ef8
                0x20000030                . = ALIGN (0x8)
                0x20000030                PROVIDE (end = .)
                [!provide]                PROVIDE (_end = .)
                0x20000230                . = (. + _Min_Heap_Size)
 *fill*         0x20000030      0x200 
                0x20000630                . = (. + _Min_Stack_Size)
 *fill*         0x20000230      0x400 
                0x20000630                . = ALIGN (0x8)

/DISCARD/
 libc.a(*)
 libm.a(*)
 libgcc.a(*)

.ARM.attributes
                0x00000000       0x30
 *(.ARM.attributes)
 .ARM.attributes
                0x00000000       0x22 d:/stm32/plugins/fr.ac6.mcu.externaltools.arm-none.win32_1.17.0.201812190825/tools/compiler/bin/../lib/gcc/arm-none-eabi/7.3.1/thumb/v7e-m/fpv4-sp/hard/crti.o
 .ARM.attributes
                0x00000022       0x34 d:/stm32/plugins/fr.ac6.mcu.externaltools.arm-none.win32_1.17.0.201812190825/tools/compiler/bin/../lib/gcc/arm-none-eabi/7.3.1/thumb/v7e-m/fpv4-sp/hard/crtbegin.o
 .ARM.attributes
                0x00000056       0x39 Core/Src/main.o
 .ARM.attributes
                0x0000008f       0x39 Core/Src/stm32l4xx_hal_msp.o
 .ARM.attributes
                0x000000c8       0x39 Core/Src/stm32l4xx_it.o
 .ARM.attributes
                0x00000101       0x39 Core/Src/system_stm32l4xx.o
 .ARM.attributes
                0x0000013a       0x39 Drivers/STM32L4xx_HAL_Driver/Src/stm32l4xx_hal.o
 .ARM.attributes
                0x00000173       0x39 Drivers/STM32L4xx_HAL_Driver/Src/stm32l4xx_hal_cortex.o
 .ARM.attributes
                0x000001ac       0x39 Drivers/STM32L4xx_HAL_Driver/Src/stm32l4xx_hal_pwr_ex.o
 .ARM.attributes
                0x000001e5       0x39 Drivers/STM32L4xx_HAL_Driver/Src/stm32l4xx_hal_rcc.o
 .ARM.attributes
                0x0000021e       0x21 startup/startup_stm32l432xx.o
 .ARM.attributes
                0x0000023f       0x34 d:/stm32/plugins/fr.ac6.mcu.externaltools.arm-none.win32_1.17.0.201812190825/tools/compiler/bin/../lib/gcc/arm-none-eabi/7.3.1/../../../../arm-none-eabi/lib/thumb/v7e-m/fpv4-sp/hard\libc_nano.a(lib_a-init.o)
 .ARM.attributes
                0x00000273       0x34 d:/stm32/plugins/fr.ac6.mcu.externaltools.arm-none.win32_1.17.0.201812190825/tools/compiler/bin/../lib/gcc/arm-none-eabi/7.3.1/../../../../arm-none-eabi/lib/thumb/v7e-m/fpv4-sp/hard\libc_nano.a(lib_a-memset.o)
 .ARM.attributes
                0x000002a7       0x22 d:/stm32/plugins/fr.ac6.mcu.externaltools.arm-none.win32_1.17.0.201812190825/tools/compiler/bin/../lib/gcc/arm-none-eabi/7.3.1/thumb/v7e-m/fpv4-sp/hard/crtn.o
OUTPUT(LCD Dashboard.elf elf32-littlearm)

.debug_info     0x00000000     0x4b56
 .debug_info    0x00000000      0x536 Core/Src/main.o
 .debug_info    0x00000536      0x506 Core/Src/stm32l4xx_hal_msp.o
 .debug_info    0x00000a3c      0x363 Core/Src/stm32l4xx_it.o
 .debug_info    0x00000d9f      0x73a Core/Src/system_stm32l4xx.o
 .debug_info    0x000014d9      0xb7e Drivers/STM32L4xx_HAL_Driver/Src/stm32l4xx_hal.o
 .debug_info    0x00002057     0x1053 Drivers/STM32L4xx_HAL_Driver/Src/stm32l4xx_hal_cortex.o
 .debug_info    0x000030aa      0xb4a Drivers/STM32L4xx_HAL_Driver/Src/stm32l4xx_hal_pwr_ex.o
 .debug_info    0x00003bf4      0xf40 Drivers/STM32L4xx_HAL_Driver/Src/stm32l4xx_hal_rcc.o
 .debug_info    0x00004b34       0x22 startup/startup_stm32l432xx.o

.debug_abbrev   0x00000000      0xe3d
 .debug_abbrev  0x00000000      0x171 Core/Src/main.o
 .debug_abbrev  0x00000171      0x125 Core/Src/stm32l4xx_hal_msp.o
 .debug_abbrev  0x00000296      0x100 Core/Src/stm32l4xx_it.o
 .debug_abbrev  0x00000396      0x150 Core/Src/system_stm32l4xx.o
 .debug_abbrev  0x000004e6      0x209 Drivers/STM32L4xx_HAL_Driver/Src/stm32l4xx_hal.o
 .debug_abbrev  0x000006ef      0x328 Drivers/STM32L4xx_HAL_Driver/Src/stm32l4xx_hal_cortex.o
 .debug_abbrev  0x00000a17      0x1f5 Drivers/STM32L4xx_HAL_Driver/Src/stm32l4xx_hal_pwr_ex.o
 .debug_abbrev  0x00000c0c      0x21f Drivers/STM32L4xx_HAL_Driver/Src/stm32l4xx_hal_rcc.o
 .debug_abbrev  0x00000e2b       0x12 startup/startup_stm32l432xx.o

.debug_aranges  0x00000000      0x460
 .debug_aranges
                0x00000000       0x30 Core/Src/main.o
 .debug_aranges
                0x00000030       0x20 Core/Src/stm32l4xx_hal_msp.o
 .debug_aranges
                0x00000050       0x60 Core/Src/stm32l4xx_it.o
 .debug_aranges
                0x000000b0       0x28 Core/Src/system_stm32l4xx.o
 .debug_aranges
                0x000000d8      0x108 Drivers/STM32L4xx_HAL_Driver/Src/stm32l4xx_hal.o
 .debug_aranges
                0x000001e0       0xa8 Drivers/STM32L4xx_HAL_Driver/Src/stm32l4xx_hal_cortex.o
 .debug_aranges
                0x00000288      0x128 Drivers/STM32L4xx_HAL_Driver/Src/stm32l4xx_hal_pwr_ex.o
 .debug_aranges
                0x000003b0       0x88 Drivers/STM32L4xx_HAL_Driver/Src/stm32l4xx_hal_rcc.o
 .debug_aranges
                0x00000438       0x28 startup/startup_stm32l432xx.o

.debug_ranges   0x00000000      0x450
 .debug_ranges  0x00000000       0x20 Core/Src/main.o
 .debug_ranges  0x00000020       0x10 Core/Src/stm32l4xx_hal_msp.o
 .debug_ranges  0x00000030       0x50 Core/Src/stm32l4xx_it.o
 .debug_ranges  0x00000080       0x18 Core/Src/system_stm32l4xx.o
 .debug_ranges  0x00000098       0xf8 Drivers/STM32L4xx_HAL_Driver/Src/stm32l4xx_hal.o
 .debug_ranges  0x00000190       0xf8 Drivers/STM32L4xx_HAL_Driver/Src/stm32l4xx_hal_cortex.o
 .debug_ranges  0x00000288      0x118 Drivers/STM32L4xx_HAL_Driver/Src/stm32l4xx_hal_pwr_ex.o
 .debug_ranges  0x000003a0       0x90 Drivers/STM32L4xx_HAL_Driver/Src/stm32l4xx_hal_rcc.o
 .debug_ranges  0x00000430       0x20 startup/startup_stm32l432xx.o

.debug_macro    0x00000000    0x1e1cd
 .debug_macro   0x00000000      0x1bb Core/Src/main.o
 .debug_macro   0x000001bb      0xa54 Core/Src/main.o
 .debug_macro   0x00000c0f      0x1a1 Core/Src/main.o
 .debug_macro   0x00000db0       0x2e Core/Src/main.o
 .debug_macro   0x00000dde       0x28 Core/Src/main.o
 .debug_macro   0x00000e06       0x22 Core/Src/main.o
 .debug_macro   0x00000e28       0x8e Core/Src/main.o
 .debug_macro   0x00000eb6       0x51 Core/Src/main.o
 .debug_macro   0x00000f07       0xef Core/Src/main.o
 .debug_macro   0x00000ff6       0x6a Core/Src/main.o
 .debug_macro   0x00001060      0x1df Core/Src/main.o
 .debug_macro   0x0000123f       0x1c Core/Src/main.o
 .debug_macro   0x0000125b       0x22 Core/Src/main.o
 .debug_macro   0x0000127d      0x101 Core/Src/main.o
 .debug_macro   0x0000137e     0x1011 Core/Src/main.o
 .debug_macro   0x0000238f      0x11f Core/Src/main.o
 .debug_macro   0x000024ae    0x147b4 Core/Src/main.o
 .debug_macro   0x00016c62       0x43 Core/Src/main.o
 .debug_macro   0x00016ca5     0x3890 Core/Src/main.o
 .debug_macro   0x0001a535      0x174 Core/Src/main.o
 .debug_macro   0x0001a6a9       0x5c Core/Src/main.o
 .debug_macro   0x0001a705     0x118b Core/Src/main.o
 .debug_macro   0x0001b890      0x535 Core/Src/main.o
 .debug_macro   0x0001bdc5      0x13d Core/Src/main.o
 .debug_macro   0x0001bf02      0x122 Core/Src/main.o
 .debug_macro   0x0001c024      0x26b Core/Src/main.o
 .debug_macro   0x0001c28f      0x23d Core/Src/main.o
 .debug_macro   0x0001c4cc      0x241 Core/Src/main.o
 .debug_macro   0x0001c70d      0x375 Core/Src/main.o
 .debug_macro   0x0001ca82       0xd6 Core/Src/main.o
 .debug_macro   0x0001cb58      0x22c Core/Src/main.o
 .debug_macro   0x0001cd84       0x61 Core/Src/main.o
 .debug_macro   0x0001cde5       0xa5 Core/Src/main.o
 .debug_macro   0x0001ce8a      0x122 Core/Src/main.o
 .debug_macro   0x0001cfac      0x357 Core/Src/main.o
 .debug_macro   0x0001d303      0x221 Core/Src/main.o
 .debug_macro   0x0001d524      0x1bb Core/Src/stm32l4xx_hal_msp.o
 .debug_macro   0x0001d6df      0x1c5 Core/Src/stm32l4xx_it.o
 .debug_macro   0x0001d8a4      0x1b7 Core/Src/system_stm32l4xx.o
 .debug_macro   0x0001da5b      0x1f9 Drivers/STM32L4xx_HAL_Driver/Src/stm32l4xx_hal.o
 .debug_macro   0x0001dc54      0x1b1 Drivers/STM32L4xx_HAL_Driver/Src/stm32l4xx_hal_cortex.o
 .debug_macro   0x0001de05      0x1d5 Drivers/STM32L4xx_HAL_Driver/Src/stm32l4xx_hal_pwr_ex.o
 .debug_macro   0x0001dfda      0x1f3 Drivers/STM32L4xx_HAL_Driver/Src/stm32l4xx_hal_rcc.o

.debug_line     0x00000000     0x3de7
 .debug_line    0x00000000      0x641 Core/Src/main.o
 .debug_line    0x00000641      0x613 Core/Src/stm32l4xx_hal_msp.o
 .debug_line    0x00000c54      0x6a3 Core/Src/stm32l4xx_it.o
 .debug_line    0x000012f7      0x64b Core/Src/system_stm32l4xx.o
 .debug_line    0x00001942      0x855 Drivers/STM32L4xx_HAL_Driver/Src/stm32l4xx_hal.o
 .debug_line    0x00002197      0x863 Drivers/STM32L4xx_HAL_Driver/Src/stm32l4xx_hal_cortex.o
 .debug_line    0x000029fa      0x9a5 Drivers/STM32L4xx_HAL_Driver/Src/stm32l4xx_hal_pwr_ex.o
 .debug_line    0x0000339f      0x9c8 Drivers/STM32L4xx_HAL_Driver/Src/stm32l4xx_hal_rcc.o
 .debug_line    0x00003d67       0x80 startup/startup_stm32l432xx.o

.debug_str      0x00000000    0xb6f8e
 .debug_str     0x00000000    0xb57ec Core/Src/main.o
                              0xb5aa4 (size before relaxing)
 .debug_str     0x000b57ec      0x171 Core/Src/stm32l4xx_hal_msp.o
                              0xb5a14 (size before relaxing)
 .debug_str     0x000b595d       0xc9 Core/Src/stm32l4xx_it.o
                              0xb595e (size before relaxing)
 .debug_str     0x000b5a26       0xcd Core/Src/system_stm32l4xx.o
                              0xb5aaa (size before relaxing)
 .debug_str     0x000b5af3      0x897 Drivers/STM32L4xx_HAL_Driver/Src/stm32l4xx_hal.o
                              0xb63cd (size before relaxing)
 .debug_str     0x000b638a      0x350 Drivers/STM32L4xx_HAL_Driver/Src/stm32l4xx_hal_cortex.o
                              0xb61e5 (size before relaxing)
 .debug_str     0x000b66da      0x495 Drivers/STM32L4xx_HAL_Driver/Src/stm32l4xx_hal_pwr_ex.o
                              0xb5f61 (size before relaxing)
 .debug_str     0x000b6b6f      0x3f0 Drivers/STM32L4xx_HAL_Driver/Src/stm32l4xx_hal_rcc.o
                              0xb6067 (size before relaxing)
 .debug_str     0x000b6f5f       0x2f startup/startup_stm32l432xx.o
                                 0x50 (size before relaxing)

.comment        0x00000000       0x7f
 .comment       0x00000000       0x7f Core/Src/main.o
                                 0x80 (size before relaxing)
 .comment       0x0000007f       0x80 Core/Src/stm32l4xx_hal_msp.o
 .comment       0x0000007f       0x80 Core/Src/stm32l4xx_it.o
 .comment       0x0000007f       0x80 Core/Src/system_stm32l4xx.o
 .comment       0x0000007f       0x80 Drivers/STM32L4xx_HAL_Driver/Src/stm32l4xx_hal.o
 .comment       0x0000007f       0x80 Drivers/STM32L4xx_HAL_Driver/Src/stm32l4xx_hal_cortex.o
 .comment       0x0000007f       0x80 Drivers/STM32L4xx_HAL_Driver/Src/stm32l4xx_hal_pwr_ex.o
 .comment       0x0000007f       0x80 Drivers/STM32L4xx_HAL_Driver/Src/stm32l4xx_hal_rcc.o

.debug_frame    0x00000000      0x8f0
 .debug_frame   0x00000000       0x58 Core/Src/main.o
 .debug_frame   0x00000058       0x28 Core/Src/stm32l4xx_hal_msp.o
 .debug_frame   0x00000080       0xa8 Core/Src/stm32l4xx_it.o
 .debug_frame   0x00000128       0x30 Core/Src/system_stm32l4xx.o
 .debug_frame   0x00000158      0x21c Drivers/STM32L4xx_HAL_Driver/Src/stm32l4xx_hal.o
 .debug_frame   0x00000374      0x15c Drivers/STM32L4xx_HAL_Driver/Src/stm32l4xx_hal_cortex.o
 .debug_frame   0x000004d0      0x248 Drivers/STM32L4xx_HAL_Driver/Src/stm32l4xx_hal_pwr_ex.o
 .debug_frame   0x00000718      0x18c Drivers/STM32L4xx_HAL_Driver/Src/stm32l4xx_hal_rcc.o
 .debug_frame   0x000008a4       0x2c d:/stm32/plugins/fr.ac6.mcu.externaltools.arm-none.win32_1.17.0.201812190825/tools/compiler/bin/../lib/gcc/arm-none-eabi/7.3.1/../../../../arm-none-eabi/lib/thumb/v7e-m/fpv4-sp/hard\libc_nano.a(lib_a-init.o)
 .debug_frame   0x000008d0       0x20 d:/stm32/plugins/fr.ac6.mcu.externaltools.arm-none.win32_1.17.0.201812190825/tools/compiler/bin/../lib/gcc/arm-none-eabi/7.3.1/../../../../arm-none-eabi/lib/thumb/v7e-m/fpv4-sp/hard\libc_nano.a(lib_a-memset.o)

.debug_loc      0x00000000     0x15c4
 .debug_loc     0x00000000      0x1b8 Core/Src/system_stm32l4xx.o
 .debug_loc     0x000001b8      0x195 Drivers/STM32L4xx_HAL_Driver/Src/stm32l4xx_hal.o
 .debug_loc     0x0000034d      0x5ce Drivers/STM32L4xx_HAL_Driver/Src/stm32l4xx_hal_cortex.o
 .debug_loc     0x0000091b      0x648 Drivers/STM32L4xx_HAL_Driver/Src/stm32l4xx_hal_pwr_ex.o
 .debug_loc     0x00000f63      0x661 Drivers/STM32L4xx_HAL_Driver/Src/stm32l4xx_hal_rcc.o
