Archive member included to satisfy reference by file (symbol)

d:/stm32/plugins/fr.ac6.mcu.externaltools.arm-none.win32_1.17.0.201812190825/tools/compiler/bin/../lib/gcc/arm-none-eabi/7.3.1/thumb/v7e-m/fpv4-sp/hard\libgcc.a(_aeabi_uldivmod.o)
                              Drivers/STM32L4xx_HAL_Driver/Src/stm32l4xx_hal_uart.o (__aeabi_uldivmod)
d:/stm32/plugins/fr.ac6.mcu.externaltools.arm-none.win32_1.17.0.201812190825/tools/compiler/bin/../lib/gcc/arm-none-eabi/7.3.1/thumb/v7e-m/fpv4-sp/hard\libgcc.a(_udivmoddi4.o)
                              d:/stm32/plugins/fr.ac6.mcu.externaltools.arm-none.win32_1.17.0.201812190825/tools/compiler/bin/../lib/gcc/arm-none-eabi/7.3.1/thumb/v7e-m/fpv4-sp/hard\libgcc.a(_aeabi_uldivmod.o) (__udivmoddi4)
d:/stm32/plugins/fr.ac6.mcu.externaltools.arm-none.win32_1.17.0.201812190825/tools/compiler/bin/../lib/gcc/arm-none-eabi/7.3.1/thumb/v7e-m/fpv4-sp/hard\libgcc.a(_dvmd_tls.o)
                              d:/stm32/plugins/fr.ac6.mcu.externaltools.arm-none.win32_1.17.0.201812190825/tools/compiler/bin/../lib/gcc/arm-none-eabi/7.3.1/thumb/v7e-m/fpv4-sp/hard\libgcc.a(_aeabi_uldivmod.o) (__aeabi_ldiv0)
d:/stm32/plugins/fr.ac6.mcu.externaltools.arm-none.win32_1.17.0.201812190825/tools/compiler/bin/../lib/gcc/arm-none-eabi/7.3.1/../../../../arm-none-eabi/lib/thumb/v7e-m/fpv4-sp/hard\libc_nano.a(lib_a-errno.o)
                              Src/syscalls.o (__errno)
d:/stm32/plugins/fr.ac6.mcu.externaltools.arm-none.win32_1.17.0.201812190825/tools/compiler/bin/../lib/gcc/arm-none-eabi/7.3.1/../../../../arm-none-eabi/lib/thumb/v7e-m/fpv4-sp/hard\libc_nano.a(lib_a-exit.o)
                              d:/stm32/plugins/fr.ac6.mcu.externaltools.arm-none.win32_1.17.0.201812190825/tools/compiler/bin/../lib/gcc/arm-none-eabi/7.3.1/../../../../arm-none-eabi/lib/thumb/v7e-m/fpv4-sp/hard/crt0.o (exit)
d:/stm32/plugins/fr.ac6.mcu.externaltools.arm-none.win32_1.17.0.201812190825/tools/compiler/bin/../lib/gcc/arm-none-eabi/7.3.1/../../../../arm-none-eabi/lib/thumb/v7e-m/fpv4-sp/hard\libc_nano.a(lib_a-impure.o)
                              d:/stm32/plugins/fr.ac6.mcu.externaltools.arm-none.win32_1.17.0.201812190825/tools/compiler/bin/../lib/gcc/arm-none-eabi/7.3.1/../../../../arm-none-eabi/lib/thumb/v7e-m/fpv4-sp/hard\libc_nano.a(lib_a-exit.o) (_global_impure_ptr)
d:/stm32/plugins/fr.ac6.mcu.externaltools.arm-none.win32_1.17.0.201812190825/tools/compiler/bin/../lib/gcc/arm-none-eabi/7.3.1/../../../../arm-none-eabi/lib/thumb/v7e-m/fpv4-sp/hard\libc_nano.a(lib_a-init.o)
                              d:/stm32/plugins/fr.ac6.mcu.externaltools.arm-none.win32_1.17.0.201812190825/tools/compiler/bin/../lib/gcc/arm-none-eabi/7.3.1/../../../../arm-none-eabi/lib/thumb/v7e-m/fpv4-sp/hard/crt0.o (__libc_init_array)
d:/stm32/plugins/fr.ac6.mcu.externaltools.arm-none.win32_1.17.0.201812190825/tools/compiler/bin/../lib/gcc/arm-none-eabi/7.3.1/../../../../arm-none-eabi/lib/thumb/v7e-m/fpv4-sp/hard\libc_nano.a(lib_a-memcpy-stub.o)
                              Middlewares/Third_Party/FreeRTOS/Source/queue.o (memcpy)
d:/stm32/plugins/fr.ac6.mcu.externaltools.arm-none.win32_1.17.0.201812190825/tools/compiler/bin/../lib/gcc/arm-none-eabi/7.3.1/../../../../arm-none-eabi/lib/thumb/v7e-m/fpv4-sp/hard\libc_nano.a(lib_a-memset.o)
                              d:/stm32/plugins/fr.ac6.mcu.externaltools.arm-none.win32_1.17.0.201812190825/tools/compiler/bin/../lib/gcc/arm-none-eabi/7.3.1/../../../../arm-none-eabi/lib/thumb/v7e-m/fpv4-sp/hard/crt0.o (memset)
d:/stm32/plugins/fr.ac6.mcu.externaltools.arm-none.win32_1.17.0.201812190825/tools/compiler/bin/../lib/gcc/arm-none-eabi/7.3.1/../../../../arm-none-eabi/lib/thumb/v7e-m/fpv4-sp/hard\libc_nano.a(lib_a-strcat.o)
                              Src/nextion_hardware.o (strcat)
d:/stm32/plugins/fr.ac6.mcu.externaltools.arm-none.win32_1.17.0.201812190825/tools/compiler/bin/../lib/gcc/arm-none-eabi/7.3.1/../../../../arm-none-eabi/lib/thumb/v7e-m/fpv4-sp/hard\libc_nano.a(lib_a-strlen.o)
                              Src/nextion_hardware.o (strlen)

Allocating common symbols
Common symbol       size              file

defaultTaskHandle   0x4               Src/main.o
lcd                 0x4c              Src/can_usr.o
uwTick              0x4               Drivers/STM32L4xx_HAL_Driver/Src/stm32l4xx_hal.o
xQueueRegistry      0x40              Middlewares/Third_Party/FreeRTOS/Source/queue.o
hadc1               0x64              Src/main.o
myrx_data           0x7               Src/main.o
htim1               0x4c              Src/stm32l4xx_hal_timebase_tim.o
huart2              0x80              Src/main.o
hcan1               0x28              Src/main.o

Discarded input sections

 .text          0x00000000        0x0 d:/stm32/plugins/fr.ac6.mcu.externaltools.arm-none.win32_1.17.0.201812190825/tools/compiler/bin/../lib/gcc/arm-none-eabi/7.3.1/thumb/v7e-m/fpv4-sp/hard/crti.o
[...]
Memory Configuration

Name             Origin             Length             Attributes
RAM              0x20000000         0x00010000         xrw
FLASH            0x08000000         0x00040000         xr
*default*        0x00000000         0xffffffff

Linker script and memory map

LOAD d:/stm32/plugins/fr.ac6.mcu.externaltools.arm-none.win32_1.17.0.201812190825/tools/compiler/bin/../lib/gcc/arm-none-eabi/7.3.1/thumb/v7e-m/fpv4-sp/hard/crti.o
LOAD d:/stm32/plugins/fr.ac6.mcu.externaltools.arm-none.win32_1.17.0.201812190825/tools/compiler/bin/../lib/gcc/arm-none-eabi/7.3.1/thumb/v7e-m/fpv4-sp/hard/crtbegin.o
LOAD d:/stm32/plugins/fr.ac6.mcu.externaltools.arm-none.win32_1.17.0.201812190825/tools/compiler/bin/../lib/gcc/arm-none-eabi/7.3.1/../../../../arm-none-eabi/lib/thumb/v7e-m/fpv4-sp/hard/crt0.o
LOAD Drivers/STM32L4xx_HAL_Driver/Src/stm32l4xx_hal.o
LOAD Drivers/STM32L4xx_HAL_Driver/Src/stm32l4xx_hal_adc.o
LOAD Drivers/STM32L4xx_HAL_Driver/Src/stm32l4xx_hal_adc_ex.o
LOAD Drivers/STM32L4xx_HAL_Driver/Src/stm32l4xx_hal_can.o
LOAD Drivers/STM32L4xx_HAL_Driver/Src/stm32l4xx_hal_cortex.o
LOAD Drivers/STM32L4xx_HAL_Driver/Src/stm32l4xx_hal_dma.o
LOAD Drivers/STM32L4xx_HAL_Driver/Src/stm32l4xx_hal_dma_ex.o
LOAD Drivers/STM32L4xx_HAL_Driver/Src/stm32l4xx_hal_exti.o
LOAD Drivers/STM32L4xx_HAL_Driver/Src/stm32l4xx_hal_flash.o
LOAD Drivers/STM32L4xx_HAL_Driver/Src/stm32l4xx_hal_flash_ex.o
LOAD Drivers/STM32L4xx_HAL_Driver/Src/stm32l4xx_hal_flash_ramfunc.o
LOAD Drivers/STM32L4xx_HAL_Driver/Src/stm32l4xx_hal_gpio.o
LOAD Drivers/STM32L4xx_HAL_Driver/Src/stm32l4xx_hal_i2c.o
LOAD Drivers/STM32L4xx_HAL_Driver/Src/stm32l4xx_hal_i2c_ex.o
LOAD Drivers/STM32L4xx_HAL_Driver/Src/stm32l4xx_hal_pwr.o
LOAD Drivers/STM32L4xx_HAL_Driver/Src/stm32l4xx_hal_pwr_ex.o
LOAD Drivers/STM32L4xx_HAL_Driver/Src/stm32l4xx_hal_rcc.o
LOAD Drivers/STM32L4xx_HAL_Driver/Src/stm32l4xx_hal_rcc_ex.o
LOAD Drivers/STM32L4xx_HAL_Driver/Src/stm32l4xx_hal_tim.o
LOAD Drivers/STM32L4xx_HAL_Driver/Src/stm32l4xx_hal_tim_ex.o
LOAD Drivers/STM32L4xx_HAL_Driver/Src/stm32l4xx_hal_uart.o
LOAD Drivers/STM32L4xx_HAL_Driver/Src/stm32l4xx_hal_uart_ex.o
LOAD Middlewares/Third_Party/FreeRTOS/Source/CMSIS_RTOS/cmsis_os.o
LOAD Middlewares/Third_Party/FreeRTOS/Source/croutine.o
LOAD Middlewares/Third_Party/FreeRTOS/Source/event_groups.o
LOAD Middlewares/Third_Party/FreeRTOS/Source/list.o
LOAD Middlewares/Third_Party/FreeRTOS/Source/queue.o
LOAD Middlewares/Third_Party/FreeRTOS/Source/stream_buffer.o
LOAD Middlewares/Third_Party/FreeRTOS/Source/tasks.o
LOAD Middlewares/Third_Party/FreeRTOS/Source/timers.o
LOAD Middlewares/Third_Party/FreeRTOS/Source/portable/GCC/ARM_CM4F/port.o
LOAD Middlewares/Third_Party/FreeRTOS/Source/portable/MemMang/heap_4.o
LOAD Src/can_usr.o
LOAD Src/freertos.o
LOAD Src/lcd.o
LOAD Src/main.o
LOAD Src/nextion_hardware.o
LOAD Src/steer.o
LOAD Src/stm32l4xx_hal_msp.o
LOAD Src/stm32l4xx_hal_timebase_tim.o
LOAD Src/stm32l4xx_it.o
LOAD Src/syscalls.o
LOAD Src/system_stm32l4xx.o
LOAD Src/uart.o
LOAD startup/startup_stm32l432xx.o
LOAD d:/stm32/plugins/fr.ac6.mcu.externaltools.arm-none.win32_1.17.0.201812190825/tools/compiler/bin/../lib/gcc/arm-none-eabi/7.3.1/../../../../arm-none-eabi/lib/thumb/v7e-m/fpv4-sp/hard\libm.a
START GROUP
LOAD d:/stm32/plugins/fr.ac6.mcu.externaltools.arm-none.win32_1.17.0.201812190825/tools/compiler/bin/../lib/gcc/arm-none-eabi/7.3.1/thumb/v7e-m/fpv4-sp/hard\libgcc.a
LOAD d:/stm32/plugins/fr.ac6.mcu.externaltools.arm-none.win32_1.17.0.201812190825/tools/compiler/bin/../lib/gcc/arm-none-eabi/7.3.1/../../../../arm-none-eabi/lib/thumb/v7e-m/fpv4-sp/hard\libc_nano.a
END GROUP
START GROUP
LOAD d:/stm32/plugins/fr.ac6.mcu.externaltools.arm-none.win32_1.17.0.201812190825/tools/compiler/bin/../lib/gcc/arm-none-eabi/7.3.1/thumb/v7e-m/fpv4-sp/hard\libgcc.a
LOAD d:/stm32/plugins/fr.ac6.mcu.externaltools.arm-none.win32_1.17.0.201812190825/tools/compiler/bin/../lib/gcc/arm-none-eabi/7.3.1/../../../../arm-none-eabi/lib/thumb/v7e-m/fpv4-sp/hard\libc_nano.a
LOAD d:/stm32/plugins/fr.ac6.mcu.externaltools.arm-none.win32_1.17.0.201812190825/tools/compiler/bin/../lib/gcc/arm-none-eabi/7.3.1/../../../../arm-none-eabi/lib/thumb/v7e-m/fpv4-sp/hard\libnosys.a
END GROUP
START GROUP
LOAD d:/stm32/plugins/fr.ac6.mcu.externaltools.arm-none.win32_1.17.0.201812190825/tools/compiler/bin/../lib/gcc/arm-none-eabi/7.3.1/thumb/v7e-m/fpv4-sp/hard\libgcc.a
LOAD d:/stm32/plugins/fr.ac6.mcu.externaltools.arm-none.win32_1.17.0.201812190825/tools/compiler/bin/../lib/gcc/arm-none-eabi/7.3.1/../../../../arm-none-eabi/lib/thumb/v7e-m/fpv4-sp/hard\libc_nano.a
LOAD d:/stm32/plugins/fr.ac6.mcu.externaltools.arm-none.win32_1.17.0.201812190825/tools/compiler/bin/../lib/gcc/arm-none-eabi/7.3.1/../../../../arm-none-eabi/lib/thumb/v7e-m/fpv4-sp/hard\libnosys.a
END GROUP
LOAD d:/stm32/plugins/fr.ac6.mcu.externaltools.arm-none.win32_1.17.0.201812190825/tools/compiler/bin/../lib/gcc/arm-none-eabi/7.3.1/thumb/v7e-m/fpv4-sp/hard/crtend.o
LOAD d:/stm32/plugins/fr.ac6.mcu.externaltools.arm-none.win32_1.17.0.201812190825/tools/compiler/bin/../lib/gcc/arm-none-eabi/7.3.1/thumb/v7e-m/fpv4-sp/hard/crtn.o
                0x20010000                _estack = 0x20010000
                0x00000200                _Min_Heap_Size = 0x200
                0x00000400                _Min_Stack_Size = 0x400

.isr_vector     0x08000000      0x190
                0x08000000                . = ALIGN (0x8)
 *(.isr_vector)
 .isr_vector    0x08000000      0x18c startup/startup_stm32l432xx.o
                0x08000000                g_pfnVectors
                0x08000190                . = ALIGN (0x8)
 *fill*         0x0800018c        0x4 

.text           0x08000190     0x5500
                0x08000190                . = ALIGN (0x8)
 *(.text)
 .text          0x08000190       0x40 d:/stm32/plugins/fr.ac6.mcu.externaltools.arm-none.win32_1.17.0.201812190825/tools/compiler/bin/../lib/gcc/arm-none-eabi/7.3.1/thumb/v7e-m/fpv4-sp/hard/crtbegin.o
 .text          0x080001d0       0x30 d:/stm32/plugins/fr.ac6.mcu.externaltools.arm-none.win32_1.17.0.201812190825/tools/compiler/bin/../lib/gcc/arm-none-eabi/7.3.1/thumb/v7e-m/fpv4-sp/hard\libgcc.a(_aeabi_uldivmod.o)
                0x080001d0                __aeabi_uldivmod
 .text          0x08000200      0x2cc d:/stm32/plugins/fr.ac6.mcu.externaltools.arm-none.win32_1.17.0.201812190825/tools/compiler/bin/../lib/gcc/arm-none-eabi/7.3.1/thumb/v7e-m/fpv4-sp/hard\libgcc.a(_udivmoddi4.o)
                0x08000200                __udivmoddi4
 .text          0x080004cc        0x4 d:/stm32/plugins/fr.ac6.mcu.externaltools.arm-none.win32_1.17.0.201812190825/tools/compiler/bin/../lib/gcc/arm-none-eabi/7.3.1/thumb/v7e-m/fpv4-sp/hard\libgcc.a(_dvmd_tls.o)
                0x080004cc                __aeabi_idiv0
                0x080004cc                __aeabi_ldiv0
 *(.text*)
 .text.HAL_Init
                0x080004d0       0x1e Drivers/STM32L4xx_HAL_Driver/Src/stm32l4xx_hal.o
                0x080004d0                HAL_Init
 *fill*         0x080004ee        0x2 
 .text.HAL_IncTick
                0x080004f0       0x18 Drivers/STM32L4xx_HAL_Driver/Src/stm32l4xx_hal.o
                0x080004f0                HAL_IncTick
 .text.HAL_GetTick
                0x08000508        0xc Drivers/STM32L4xx_HAL_Driver/Src/stm32l4xx_hal.o
                0x08000508                HAL_GetTick
 .text.HAL_Delay
                0x08000514       0x28 Drivers/STM32L4xx_HAL_Driver/Src/stm32l4xx_hal.o
                0x08000514                HAL_Delay
 .text.HAL_ADC_Init
                0x0800053c      0x1e4 Drivers/STM32L4xx_HAL_Driver/Src/stm32l4xx_hal_adc.o
                0x0800053c                HAL_ADC_Init
 .text.HAL_ADC_PollForConversion
                0x08000720       0xb0 Drivers/STM32L4xx_HAL_Driver/Src/stm32l4xx_hal_adc.o
                0x08000720                HAL_ADC_PollForConversion
 .text.HAL_ADC_GetValue
                0x080007d0        0x6 Drivers/STM32L4xx_HAL_Driver/Src/stm32l4xx_hal_adc.o
                0x080007d0                HAL_ADC_GetValue
 *fill*         0x080007d6        0x2 
 .text.HAL_ADC_ConfigChannel
                0x080007d8      0x488 Drivers/STM32L4xx_HAL_Driver/Src/stm32l4xx_hal_adc.o
                0x080007d8                HAL_ADC_ConfigChannel
 .text.ADC_ConversionStop
                0x08000c60      0x100 Drivers/STM32L4xx_HAL_Driver/Src/stm32l4xx_hal_adc.o
                0x08000c60                ADC_ConversionStop
 .text.ADC_Enable
                0x08000d60       0x90 Drivers/STM32L4xx_HAL_Driver/Src/stm32l4xx_hal_adc.o
                0x08000d60                ADC_Enable
 .text.HAL_ADC_Start
                0x08000df0       0x92 Drivers/STM32L4xx_HAL_Driver/Src/stm32l4xx_hal_adc.o
                0x08000df0                HAL_ADC_Start
 .text.ADC_Disable
                0x08000e82       0x8e Drivers/STM32L4xx_HAL_Driver/Src/stm32l4xx_hal_adc.o
                0x08000e82                ADC_Disable
 .text.HAL_ADC_Stop
                0x08000f10       0x4a Drivers/STM32L4xx_HAL_Driver/Src/stm32l4xx_hal_adc.o
                0x08000f10                HAL_ADC_Stop
 .text.HAL_CAN_Init
                0x08000f5a      0x14c Drivers/STM32L4xx_HAL_Driver/Src/stm32l4xx_hal_can.o
                0x08000f5a                HAL_CAN_Init
 .text.HAL_CAN_ConfigFilter
                0x080010a6       0xfc Drivers/STM32L4xx_HAL_Driver/Src/stm32l4xx_hal_can.o
                0x080010a6                HAL_CAN_ConfigFilter
 .text.HAL_CAN_Start
                0x080011a2       0x5c Drivers/STM32L4xx_HAL_Driver/Src/stm32l4xx_hal_can.o
                0x080011a2                HAL_CAN_Start
 .text.HAL_CAN_AddTxMessage
                0x080011fe       0xea Drivers/STM32L4xx_HAL_Driver/Src/stm32l4xx_hal_can.o
                0x080011fe                HAL_CAN_AddTxMessage
 .text.HAL_CAN_GetTxMailboxesFreeLevel
                0x080012e8       0x36 Drivers/STM32L4xx_HAL_Driver/Src/stm32l4xx_hal_can.o
                0x080012e8                HAL_CAN_GetTxMailboxesFreeLevel
 .text.HAL_CAN_GetRxMessage
                0x0800131e      0x134 Drivers/STM32L4xx_HAL_Driver/Src/stm32l4xx_hal_can.o
                0x0800131e                HAL_CAN_GetRxMessage
 .text.HAL_CAN_ActivateNotification
                0x08001452       0x24 Drivers/STM32L4xx_HAL_Driver/Src/stm32l4xx_hal_can.o
                0x08001452                HAL_CAN_ActivateNotification
 .text.HAL_CAN_TxMailbox0CompleteCallback
                0x08001476        0x2 Drivers/STM32L4xx_HAL_Driver/Src/stm32l4xx_hal_can.o
                0x08001476                HAL_CAN_TxMailbox0CompleteCallback
 .text.HAL_CAN_TxMailbox1CompleteCallback
                0x08001478        0x2 Drivers/STM32L4xx_HAL_Driver/Src/stm32l4xx_hal_can.o
                0x08001478                HAL_CAN_TxMailbox1CompleteCallback
 .text.HAL_CAN_TxMailbox2CompleteCallback
                0x0800147a        0x2 Drivers/STM32L4xx_HAL_Driver/Src/stm32l4xx_hal_can.o
                0x0800147a                HAL_CAN_TxMailbox2CompleteCallback
 .text.HAL_CAN_TxMailbox0AbortCallback
                0x0800147c        0x2 Drivers/STM32L4xx_HAL_Driver/Src/stm32l4xx_hal_can.o
                0x0800147c                HAL_CAN_TxMailbox0AbortCallback
 .text.HAL_CAN_TxMailbox1AbortCallback
                0x0800147e        0x2 Drivers/STM32L4xx_HAL_Driver/Src/stm32l4xx_hal_can.o
                0x0800147e                HAL_CAN_TxMailbox1AbortCallback
 .text.HAL_CAN_TxMailbox2AbortCallback
                0x08001480        0x2 Drivers/STM32L4xx_HAL_Driver/Src/stm32l4xx_hal_can.o
                0x08001480                HAL_CAN_TxMailbox2AbortCallback
 .text.HAL_CAN_RxFifo0FullCallback
                0x08001482        0x2 Drivers/STM32L4xx_HAL_Driver/Src/stm32l4xx_hal_can.o
                0x08001482                HAL_CAN_RxFifo0FullCallback
 .text.HAL_CAN_RxFifo1FullCallback
                0x08001484        0x2 Drivers/STM32L4xx_HAL_Driver/Src/stm32l4xx_hal_can.o
                0x08001484                HAL_CAN_RxFifo1FullCallback
 .text.HAL_CAN_SleepCallback
                0x08001486        0x2 Drivers/STM32L4xx_HAL_Driver/Src/stm32l4xx_hal_can.o
                0x08001486                HAL_CAN_SleepCallback
 .text.HAL_CAN_WakeUpFromRxMsgCallback
                0x08001488        0x2 Drivers/STM32L4xx_HAL_Driver/Src/stm32l4xx_hal_can.o
                0x08001488                HAL_CAN_WakeUpFromRxMsgCallback
 .text.HAL_CAN_ErrorCallback
                0x0800148a        0x2 Drivers/STM32L4xx_HAL_Driver/Src/stm32l4xx_hal_can.o
                0x0800148a                HAL_CAN_ErrorCallback
 .text.HAL_CAN_IRQHandler
                0x0800148c      0x258 Drivers/STM32L4xx_HAL_Driver/Src/stm32l4xx_hal_can.o
                0x0800148c                HAL_CAN_IRQHandler
 .text.HAL_NVIC_SetPriorityGrouping
                0x080016e4       0x24 Drivers/STM32L4xx_HAL_Driver/Src/stm32l4xx_hal_cortex.o
                0x080016e4                HAL_NVIC_SetPriorityGrouping
 .text.HAL_NVIC_SetPriority
                0x08001708       0x68 Drivers/STM32L4xx_HAL_Driver/Src/stm32l4xx_hal_cortex.o
                0x08001708                HAL_NVIC_SetPriority
 .text.HAL_NVIC_EnableIRQ
                0x08001770       0x1c Drivers/STM32L4xx_HAL_Driver/Src/stm32l4xx_hal_cortex.o
                0x08001770                HAL_NVIC_EnableIRQ
 .text.HAL_DMA_Abort_IT
                0x0800178c       0x50 Drivers/STM32L4xx_HAL_Driver/Src/stm32l4xx_hal_dma.o
                0x0800178c                HAL_DMA_Abort_IT
 .text.HAL_GPIO_Init
                0x080017dc      0x180 Drivers/STM32L4xx_HAL_Driver/Src/stm32l4xx_hal_gpio.o
                0x080017dc                HAL_GPIO_Init
 .text.HAL_GPIO_WritePin
                0x0800195c        0xa Drivers/STM32L4xx_HAL_Driver/Src/stm32l4xx_hal_gpio.o
                0x0800195c                HAL_GPIO_WritePin
 .text.HAL_GPIO_EXTI_Callback
                0x08001966        0x2 Drivers/STM32L4xx_HAL_Driver/Src/stm32l4xx_hal_gpio.o
                0x08001966                HAL_GPIO_EXTI_Callback
 .text.HAL_GPIO_EXTI_IRQHandler
                0x08001968       0x1c Drivers/STM32L4xx_HAL_Driver/Src/stm32l4xx_hal_gpio.o
                0x08001968                HAL_GPIO_EXTI_IRQHandler
 .text.HAL_PWREx_GetVoltageRange
                0x08001984       0x10 Drivers/STM32L4xx_HAL_Driver/Src/stm32l4xx_hal_pwr_ex.o
                0x08001984                HAL_PWREx_GetVoltageRange
 .text.HAL_PWREx_ControlVoltageScaling
                0x08001994       0x90 Drivers/STM32L4xx_HAL_Driver/Src/stm32l4xx_hal_pwr_ex.o
                0x08001994                HAL_PWREx_ControlVoltageScaling
 .text.RCC_SetFlashLatencyFromMSIRange
                0x08001a24       0x90 Drivers/STM32L4xx_HAL_Driver/Src/stm32l4xx_hal_rcc.o
 .text.HAL_RCC_GetSysClockFreq
                0x08001ab4       0xb4 Drivers/STM32L4xx_HAL_Driver/Src/stm32l4xx_hal_rcc.o
                0x08001ab4                HAL_RCC_GetSysClockFreq
 .text.HAL_RCC_OscConfig
                0x08001b68      0x68c Drivers/STM32L4xx_HAL_Driver/Src/stm32l4xx_hal_rcc.o
                0x08001b68                HAL_RCC_OscConfig
 .text.HAL_RCC_ClockConfig
                0x080021f4      0x158 Drivers/STM32L4xx_HAL_Driver/Src/stm32l4xx_hal_rcc.o
                0x080021f4                HAL_RCC_ClockConfig
 .text.HAL_RCC_GetHCLKFreq
                0x0800234c        0xc Drivers/STM32L4xx_HAL_Driver/Src/stm32l4xx_hal_rcc.o
                0x0800234c                HAL_RCC_GetHCLKFreq
 .text.HAL_RCC_GetPCLK1Freq
                0x08002358       0x24 Drivers/STM32L4xx_HAL_Driver/Src/stm32l4xx_hal_rcc.o
                0x08002358                HAL_RCC_GetPCLK1Freq
 .text.HAL_RCC_GetPCLK2Freq
                0x0800237c       0x24 Drivers/STM32L4xx_HAL_Driver/Src/stm32l4xx_hal_rcc.o
                0x0800237c                HAL_RCC_GetPCLK2Freq
 .text.HAL_RCC_GetClockConfig
                0x080023a0       0x3c Drivers/STM32L4xx_HAL_Driver/Src/stm32l4xx_hal_rcc.o
                0x080023a0                HAL_RCC_GetClockConfig
 .text.RCCEx_PLLSAI1_Config
                0x080023dc      0x16c Drivers/STM32L4xx_HAL_Driver/Src/stm32l4xx_hal_rcc_ex.o
 .text.HAL_RCCEx_PeriphCLKConfig
                0x08002548      0x2e8 Drivers/STM32L4xx_HAL_Driver/Src/stm32l4xx_hal_rcc_ex.o
                0x08002548                HAL_RCCEx_PeriphCLKConfig
 .text.HAL_TIM_Base_MspInit
                0x08002830        0x2 Drivers/STM32L4xx_HAL_Driver/Src/stm32l4xx_hal_tim.o
                0x08002830                HAL_TIM_Base_MspInit
 *fill*         0x08002832        0x2 
 .text.HAL_TIM_Base_Start_IT
                0x08002834       0x6c Drivers/STM32L4xx_HAL_Driver/Src/stm32l4xx_hal_tim.o
                0x08002834                HAL_TIM_Base_Start_IT
 .text.HAL_TIM_OC_DelayElapsedCallback
                0x080028a0        0x2 Drivers/STM32L4xx_HAL_Driver/Src/stm32l4xx_hal_tim.o
                0x080028a0                HAL_TIM_OC_DelayElapsedCallback
 .text.HAL_TIM_IC_CaptureCallback
                0x080028a2        0x2 Drivers/STM32L4xx_HAL_Driver/Src/stm32l4xx_hal_tim.o
                0x080028a2                HAL_TIM_IC_CaptureCallback
 .text.HAL_TIM_PWM_PulseFinishedCallback
                0x080028a4        0x2 Drivers/STM32L4xx_HAL_Driver/Src/stm32l4xx_hal_tim.o
                0x080028a4                HAL_TIM_PWM_PulseFinishedCallback
 .text.HAL_TIM_TriggerCallback
                0x080028a6        0x2 Drivers/STM32L4xx_HAL_Driver/Src/stm32l4xx_hal_tim.o
                0x080028a6                HAL_TIM_TriggerCallback
 .text.HAL_TIM_IRQHandler
                0x080028a8      0x19a Drivers/STM32L4xx_HAL_Driver/Src/stm32l4xx_hal_tim.o
                0x080028a8                HAL_TIM_IRQHandler
 *fill*         0x08002a42        0x2 
 .text.TIM_Base_SetConfig
                0x08002a44       0x70 Drivers/STM32L4xx_HAL_Driver/Src/stm32l4xx_hal_tim.o
                0x08002a44                TIM_Base_SetConfig
 .text.HAL_TIM_Base_Init
                0x08002ab4       0x5e Drivers/STM32L4xx_HAL_Driver/Src/stm32l4xx_hal_tim.o
                0x08002ab4                HAL_TIM_Base_Init
 .text.HAL_TIMEx_CommutCallback
                0x08002b12        0x2 Drivers/STM32L4xx_HAL_Driver/Src/stm32l4xx_hal_tim_ex.o
                0x08002b12                HAL_TIMEx_CommutCallback
 .text.HAL_TIMEx_BreakCallback
                0x08002b14        0x2 Drivers/STM32L4xx_HAL_Driver/Src/stm32l4xx_hal_tim_ex.o
                0x08002b14                HAL_TIMEx_BreakCallback
 .text.HAL_TIMEx_Break2Callback
                0x08002b16        0x2 Drivers/STM32L4xx_HAL_Driver/Src/stm32l4xx_hal_tim_ex.o
                0x08002b16                HAL_TIMEx_Break2Callback
 .text.UART_EndRxTransfer
                0x08002b18       0x1e Drivers/STM32L4xx_HAL_Driver/Src/stm32l4xx_hal_uart.o
 .text.UART_TxISR_8BIT
                0x08002b36       0x42 Drivers/STM32L4xx_HAL_Driver/Src/stm32l4xx_hal_uart.o
 .text.UART_TxISR_16BIT
                0x08002b78       0x46 Drivers/STM32L4xx_HAL_Driver/Src/stm32l4xx_hal_uart.o
 *fill*         0x08002bbe        0x2 
 .text.HAL_UART_Transmit_IT
                0x08002bc0       0x70 Drivers/STM32L4xx_HAL_Driver/Src/stm32l4xx_hal_uart.o
                0x08002bc0                HAL_UART_Transmit_IT
 .text.UART_EndTransmit_IT
                0x08002c30       0x1a Drivers/STM32L4xx_HAL_Driver/Src/stm32l4xx_hal_uart.o
 .text.HAL_UART_ErrorCallback
                0x08002c4a        0x2 Drivers/STM32L4xx_HAL_Driver/Src/stm32l4xx_hal_uart.o
                0x08002c4a                HAL_UART_ErrorCallback
 .text.HAL_UART_IRQHandler
                0x08002c4c      0x17c Drivers/STM32L4xx_HAL_Driver/Src/stm32l4xx_hal_uart.o
                0x08002c4c                HAL_UART_IRQHandler
 .text.UART_DMAAbortOnError
                0x08002dc8       0x14 Drivers/STM32L4xx_HAL_Driver/Src/stm32l4xx_hal_uart.o
 .text.UART_SetConfig
                0x08002ddc      0x264 Drivers/STM32L4xx_HAL_Driver/Src/stm32l4xx_hal_uart.o
                0x08002ddc                UART_SetConfig
 .text.UART_AdvFeatureConfig
                0x08003040       0xca Drivers/STM32L4xx_HAL_Driver/Src/stm32l4xx_hal_uart.o
                0x08003040                UART_AdvFeatureConfig
 .text.UART_WaitOnFlagUntilTimeout
                0x0800310a       0x9c Drivers/STM32L4xx_HAL_Driver/Src/stm32l4xx_hal_uart.o
                0x0800310a                UART_WaitOnFlagUntilTimeout
 .text.UART_CheckIdleState
                0x080031a6       0x6c Drivers/STM32L4xx_HAL_Driver/Src/stm32l4xx_hal_uart.o
                0x080031a6                UART_CheckIdleState
 .text.HAL_UART_Init
                0x08003212       0x62 Drivers/STM32L4xx_HAL_Driver/Src/stm32l4xx_hal_uart.o
                0x08003212                HAL_UART_Init
 .text.HAL_UARTEx_WakeupCallback
                0x08003274        0x2 Drivers/STM32L4xx_HAL_Driver/Src/stm32l4xx_hal_uart_ex.o
                0x08003274                HAL_UARTEx_WakeupCallback
 .text.makeFreeRtosPriority
                0x08003276        0xc Middlewares/Third_Party/FreeRTOS/Source/CMSIS_RTOS/cmsis_os.o
 .text.osKernelStart
                0x08003282        0xa Middlewares/Third_Party/FreeRTOS/Source/CMSIS_RTOS/cmsis_os.o
                0x08003282                osKernelStart
 .text.osThreadCreate
                0x0800328c       0x6c Middlewares/Third_Party/FreeRTOS/Source/CMSIS_RTOS/cmsis_os.o
                0x0800328c                osThreadCreate
 .text.osDelay  0x080032f8       0x12 Middlewares/Third_Party/FreeRTOS/Source/CMSIS_RTOS/cmsis_os.o
                0x080032f8                osDelay
 .text.vListInitialise
                0x0800330a       0x16 Middlewares/Third_Party/FreeRTOS/Source/list.o
                0x0800330a                vListInitialise
 .text.vListInitialiseItem
                0x08003320        0x6 Middlewares/Third_Party/FreeRTOS/Source/list.o
                0x08003320                vListInitialiseItem
 .text.vListInsertEnd
                0x08003326       0x18 Middlewares/Third_Party/FreeRTOS/Source/list.o
                0x08003326                vListInsertEnd
 .text.vListInsert
                0x0800333e       0x34 Middlewares/Third_Party/FreeRTOS/Source/list.o
                0x0800333e                vListInsert
 .text.uxListRemove
                0x08003372       0x28 Middlewares/Third_Party/FreeRTOS/Source/list.o
                0x08003372                uxListRemove
 .text.prvIsQueueFull
                0x0800339a       0x1e Middlewares/Third_Party/FreeRTOS/Source/queue.o
 .text.prvIsQueueEmpty
                0x080033b8       0x1a Middlewares/Third_Party/FreeRTOS/Source/queue.o
 .text.prvCopyDataToQueue
                0x080033d2       0x76 Middlewares/Third_Party/FreeRTOS/Source/queue.o
 .text.prvCopyDataFromQueue
                0x08003448       0x24 Middlewares/Third_Party/FreeRTOS/Source/queue.o
 .text.prvUnlockQueue
                0x0800346c       0x6e Middlewares/Third_Party/FreeRTOS/Source/queue.o
 *fill*         0x080034da        0x2 
 .text.xQueueGenericReset
                0x080034dc       0x84 Middlewares/Third_Party/FreeRTOS/Source/queue.o
                0x080034dc                xQueueGenericReset
 .text.prvInitialiseNewQueue
                0x08003560       0x1c Middlewares/Third_Party/FreeRTOS/Source/queue.o
 .text.xQueueGenericCreate
                0x0800357c       0x4e Middlewares/Third_Party/FreeRTOS/Source/queue.o
                0x0800357c                xQueueGenericCreate
 *fill*         0x080035ca        0x2 
 .text.xQueueGenericSend
                0x080035cc      0x17c Middlewares/Third_Party/FreeRTOS/Source/queue.o
                0x080035cc                xQueueGenericSend
 .text.xQueueGenericSendFromISR
                0x08003748       0xcc Middlewares/Third_Party/FreeRTOS/Source/queue.o
                0x08003748                xQueueGenericSendFromISR
 .text.xQueueReceive
                0x08003814      0x158 Middlewares/Third_Party/FreeRTOS/Source/queue.o
                0x08003814                xQueueReceive
 .text.xQueuePeek
                0x0800396c      0x158 Middlewares/Third_Party/FreeRTOS/Source/queue.o
                0x0800396c                xQueuePeek
 .text.prvResetNextTaskUnblockTime
                0x08003ac4       0x24 Middlewares/Third_Party/FreeRTOS/Source/tasks.o
 .text.prvInitialiseNewTask
                0x08003ae8       0x8c Middlewares/Third_Party/FreeRTOS/Source/tasks.o
 .text.prvInitialiseTaskLists
                0x08003b74       0x58 Middlewares/Third_Party/FreeRTOS/Source/tasks.o
 .text.prvAddNewTaskToReadyList
                0x08003bcc       0xac Middlewares/Third_Party/FreeRTOS/Source/tasks.o
 .text.prvDeleteTCB
                0x08003c78       0x38 Middlewares/Third_Party/FreeRTOS/Source/tasks.o
 .text.prvCheckTasksWaitingTermination
                0x08003cb0       0x44 Middlewares/Third_Party/FreeRTOS/Source/tasks.o
 .text.prvIdleTask
                0x08003cf4       0x28 Middlewares/Third_Party/FreeRTOS/Source/tasks.o
 .text.prvAddCurrentTaskToDelayedList
                0x08003d1c       0x88 Middlewares/Third_Party/FreeRTOS/Source/tasks.o
 .text.xTaskCreateStatic
                0x08003da4       0x74 Middlewares/Third_Party/FreeRTOS/Source/tasks.o
                0x08003da4                xTaskCreateStatic
 .text.xTaskCreate
                0x08003e18       0x66 Middlewares/Third_Party/FreeRTOS/Source/tasks.o
                0x08003e18                xTaskCreate
 *fill*         0x08003e7e        0x2 
 .text.vTaskStartScheduler
                0x08003e80       0x64 Middlewares/Third_Party/FreeRTOS/Source/tasks.o
                0x08003e80                vTaskStartScheduler
 .text.vTaskSuspendAll
                0x08003ee4       0x14 Middlewares/Third_Party/FreeRTOS/Source/tasks.o
                0x08003ee4                vTaskSuspendAll
 .text.xTaskGetTickCount
                0x08003ef8        0xc Middlewares/Third_Party/FreeRTOS/Source/tasks.o
                0x08003ef8                xTaskGetTickCount
 .text.xTaskGetTickCountFromISR
                0x08003f04       0x14 Middlewares/Third_Party/FreeRTOS/Source/tasks.o
                0x08003f04                xTaskGetTickCountFromISR
 .text.xTaskIncrementTick
                0x08003f18      0x10c Middlewares/Third_Party/FreeRTOS/Source/tasks.o
                0x08003f18                xTaskIncrementTick
 .text.xTaskResumeAll
                0x08004024       0xf0 Middlewares/Third_Party/FreeRTOS/Source/tasks.o
                0x08004024                xTaskResumeAll
 .text.vTaskDelayUntil
                0x08004114       0xa4 Middlewares/Third_Party/FreeRTOS/Source/tasks.o
                0x08004114                vTaskDelayUntil
 .text.vTaskDelay
                0x080041b8       0x4c Middlewares/Third_Party/FreeRTOS/Source/tasks.o
                0x080041b8                vTaskDelay
 .text.vTaskSwitchContext
                0x08004204       0x90 Middlewares/Third_Party/FreeRTOS/Source/tasks.o
                0x08004204                vTaskSwitchContext
 .text.vTaskPlaceOnEventList
                0x08004294       0x34 Middlewares/Third_Party/FreeRTOS/Source/tasks.o
                0x08004294                vTaskPlaceOnEventList
 .text.xTaskRemoveFromEventList
                0x080042c8       0x84 Middlewares/Third_Party/FreeRTOS/Source/tasks.o
                0x080042c8                xTaskRemoveFromEventList
 .text.vTaskInternalSetTimeOutState
                0x0800434c       0x14 Middlewares/Third_Party/FreeRTOS/Source/tasks.o
                0x0800434c                vTaskInternalSetTimeOutState
 .text.xTaskCheckForTimeOut
                0x08004360       0x80 Middlewares/Third_Party/FreeRTOS/Source/tasks.o
                0x08004360                xTaskCheckForTimeOut
 .text.vTaskMissedYield
                0x080043e0       0x10 Middlewares/Third_Party/FreeRTOS/Source/tasks.o
                0x080043e0                vTaskMissedYield
 .text.xTaskGetSchedulerState
                0x080043f0       0x20 Middlewares/Third_Party/FreeRTOS/Source/tasks.o
                0x080043f0                xTaskGetSchedulerState
 .text.xTaskPriorityDisinherit
                0x08004410       0xb0 Middlewares/Third_Party/FreeRTOS/Source/tasks.o
                0x08004410                xTaskPriorityDisinherit
 .text.prvTaskExitError
                0x080044c0       0x40 Middlewares/Third_Party/FreeRTOS/Source/portable/GCC/ARM_CM4F/port.o
 .text.prvPortStartFirstTask
                0x08004500       0x28 Middlewares/Third_Party/FreeRTOS/Source/portable/GCC/ARM_CM4F/port.o
 .text.vPortEnableVFP
                0x08004528       0x14 Middlewares/Third_Party/FreeRTOS/Source/portable/GCC/ARM_CM4F/port.o
 .text.pxPortInitialiseStack
                0x0800453c       0x2c Middlewares/Third_Party/FreeRTOS/Source/portable/GCC/ARM_CM4F/port.o
                0x0800453c                pxPortInitialiseStack
 *fill*         0x08004568        0x8 
 .text.SVC_Handler
                0x08004570       0x24 Middlewares/Third_Party/FreeRTOS/Source/portable/GCC/ARM_CM4F/port.o
                0x08004570                SVC_Handler
 .text.vPortEnterCritical
                0x08004594       0x44 Middlewares/Third_Party/FreeRTOS/Source/portable/GCC/ARM_CM4F/port.o
                0x08004594                vPortEnterCritical
 .text.vPortExitCritical
                0x080045d8       0x2c Middlewares/Third_Party/FreeRTOS/Source/portable/GCC/ARM_CM4F/port.o
                0x080045d8                vPortExitCritical
 *fill*         0x08004604        0xc 
 .text.PendSV_Handler
                0x08004610       0x64 Middlewares/Third_Party/FreeRTOS/Source/portable/GCC/ARM_CM4F/port.o
                0x08004610                PendSV_Handler
 .text.SysTick_Handler
                0x08004674       0x2c Middlewares/Third_Party/FreeRTOS/Source/portable/GCC/ARM_CM4F/port.o
                0x08004674                SysTick_Handler
 .text.vPortSetupTimerInterrupt
                0x080046a0       0x38 Middlewares/Third_Party/FreeRTOS/Source/portable/GCC/ARM_CM4F/port.o
                0x080046a0                vPortSetupTimerInterrupt
 .text.xPortStartScheduler
                0x080046d8      0x108 Middlewares/Third_Party/FreeRTOS/Source/portable/GCC/ARM_CM4F/port.o
                0x080046d8                xPortStartScheduler
 .text.vPortValidateInterruptPriority
                0x080047e0       0x58 Middlewares/Third_Party/FreeRTOS/Source/portable/GCC/ARM_CM4F/port.o
                0x080047e0                vPortValidateInterruptPriority
 .text.prvHeapInit
                0x08004838       0x50 Middlewares/Third_Party/FreeRTOS/Source/portable/MemMang/heap_4.o
 .text.prvInsertBlockIntoFreeList
                0x08004888       0x54 Middlewares/Third_Party/FreeRTOS/Source/portable/MemMang/heap_4.o
 .text.pvPortMalloc
                0x080048dc       0xf4 Middlewares/Third_Party/FreeRTOS/Source/portable/MemMang/heap_4.o
                0x080048dc                pvPortMalloc
 .text.vPortFree
                0x080049d0       0x6c Middlewares/Third_Party/FreeRTOS/Source/portable/MemMang/heap_4.o
                0x080049d0                vPortFree
 .text.HAL_CAN_RxFifo0MsgPendingCallback
                0x08004a3c       0x30 Src/can_usr.o
                0x08004a3c                HAL_CAN_RxFifo0MsgPendingCallback
 .text.HAL_CAN_RxFifo1MsgPendingCallback
                0x08004a6c       0x30 Src/can_usr.o
                0x08004a6c                HAL_CAN_RxFifo1MsgPendingCallback
 .text.task_txCan
                0x08004a9c       0x6c Src/can_usr.o
                0x08004a9c                task_txCan
 .text.can_filter_init
                0x08004b08       0x32 Src/can_usr.o
                0x08004b08                can_filter_init
 *fill*         0x08004b3a        0x2 
 .text.vApplicationGetIdleTaskMemory
                0x08004b3c       0x14 Src/freertos.o
                0x08004b3c                vApplicationGetIdleTaskMemory
 .text.task_lcd_main
                0x08004b50      0x1f4 Src/lcd.o
                0x08004b50                task_lcd_main
 .text.error_blink
                0x08004d44        0xc Src/lcd.o
                0x08004d44                error_blink
 .text.initRTOSObjects
                0x08004d50       0xd0 Src/lcd.o
                0x08004d50                initRTOSObjects
 .text.MX_GPIO_Init
                0x08004e20       0xbc Src/main.o
 .text.StartDefaultTask
                0x08004edc        0xa Src/main.o
                0x08004edc                StartDefaultTask
 *fill*         0x08004ee6        0x2 
 .text.HAL_TIM_PeriodElapsedCallback
                0x08004ee8       0x18 Src/main.o
                0x08004ee8                HAL_TIM_PeriodElapsedCallback
 .text.Error_Handler
                0x08004f00        0x2 Src/main.o
                0x08004f00                Error_Handler
 *fill*         0x08004f02        0x2 
 .text.MX_CAN1_Init
                0x08004f04       0x40 Src/main.o
 .text.MX_ADC1_Init
                0x08004f44       0xa0 Src/main.o
 .text.MX_USART2_UART_Init
                0x08004fe4       0x40 Src/main.o
 .text.SystemClock_Config
                0x08005024       0xb4 Src/main.o
                0x08005024                SystemClock_Config
 .text.main     0x080050d8       0x80 Src/main.o
                0x080050d8                main
 .text.taskPollSteer
                0x08005158       0x68 Src/steer.o
                0x08005158                taskPollSteer
 .text.HAL_MspInit
                0x080051c0       0x40 Src/stm32l4xx_hal_msp.o
                0x080051c0                HAL_MspInit
 .text.HAL_ADC_MspInit
                0x08005200       0x88 Src/stm32l4xx_hal_msp.o
                0x08005200                HAL_ADC_MspInit
 .text.HAL_CAN_MspInit
                0x08005288       0x98 Src/stm32l4xx_hal_msp.o
                0x08005288                HAL_CAN_MspInit
 .text.HAL_UART_MspInit
                0x08005320       0x78 Src/stm32l4xx_hal_msp.o
                0x08005320                HAL_UART_MspInit
 .text.HAL_InitTick
                0x08005398       0x78 Src/stm32l4xx_hal_timebase_tim.o
                0x08005398                HAL_InitTick
 .text.NMI_Handler
                0x08005410        0x2 Src/stm32l4xx_it.o
                0x08005410                NMI_Handler
 .text.HardFault_Handler
                0x08005412        0x2 Src/stm32l4xx_it.o
                0x08005412                HardFault_Handler
 .text.MemManage_Handler
                0x08005414        0x2 Src/stm32l4xx_it.o
                0x08005414                MemManage_Handler
 .text.BusFault_Handler
                0x08005416        0x2 Src/stm32l4xx_it.o
                0x08005416                BusFault_Handler
 .text.UsageFault_Handler
                0x08005418        0x2 Src/stm32l4xx_it.o
                0x08005418                UsageFault_Handler
 .text.DebugMon_Handler
                0x0800541a        0x2 Src/stm32l4xx_it.o
                0x0800541a                DebugMon_Handler
 .text.EXTI4_IRQHandler
                0x0800541c       0x54 Src/stm32l4xx_it.o
                0x0800541c                EXTI4_IRQHandler
 .text.CAN1_TX_IRQHandler
                0x08005470       0x10 Src/stm32l4xx_it.o
                0x08005470                CAN1_TX_IRQHandler
 .text.CAN1_RX0_IRQHandler
                0x08005480       0x10 Src/stm32l4xx_it.o
                0x08005480                CAN1_RX0_IRQHandler
 .text.CAN1_RX1_IRQHandler
                0x08005490       0x10 Src/stm32l4xx_it.o
                0x08005490                CAN1_RX1_IRQHandler
 .text.EXTI9_5_IRQHandler
                0x080054a0       0x5c Src/stm32l4xx_it.o
                0x080054a0                EXTI9_5_IRQHandler
 .text.TIM1_UP_TIM16_IRQHandler
                0x080054fc       0x10 Src/stm32l4xx_it.o
                0x080054fc                TIM1_UP_TIM16_IRQHandler
 .text.USART2_IRQHandler
                0x0800550c       0x10 Src/stm32l4xx_it.o
                0x0800550c                USART2_IRQHandler
 .text.SystemInit
                0x0800551c       0x48 Src/system_stm32l4xx.o
                0x0800551c                SystemInit
 .text.HAL_UART_TxCpltCallback
                0x08005564        0x2 Src/uart.o
                0x08005564                HAL_UART_TxCpltCallback
 *fill*         0x08005566        0x2 
 .text.task_txUart
                0x08005568       0x4c Src/uart.o
                0x08005568                task_txUart
 .text.Reset_Handler
                0x080055b4       0x50 startup/startup_stm32l432xx.o
                0x080055b4                Reset_Handler
 .text.Default_Handler
                0x08005604        0x2 startup/startup_stm32l432xx.o
                0x08005604                RTC_Alarm_IRQHandler
                0x08005604                EXTI2_IRQHandler
                0x08005604                TIM1_CC_IRQHandler
                0x08005604                TSC_IRQHandler
                0x08005604                TAMP_STAMP_IRQHandler
                0x08005604                EXTI3_IRQHandler
                0x08005604                LPTIM2_IRQHandler
                0x08005604                I2C3_ER_IRQHandler
                0x08005604                EXTI0_IRQHandler
                0x08005604                FPU_IRQHandler
                0x08005604                SPI1_IRQHandler
                0x08005604                TIM6_DAC_IRQHandler
                0x08005604                DMA2_Channel2_IRQHandler
                0x08005604                DMA1_Channel4_IRQHandler
                0x08005604                ADC1_IRQHandler
                0x08005604                DMA1_Channel7_IRQHandler
                0x08005604                DMA2_Channel1_IRQHandler
                0x08005604                QUADSPI_IRQHandler
                0x08005604                I2C1_EV_IRQHandler
                0x08005604                DMA1_Channel6_IRQHandler
                0x08005604                DMA2_Channel4_IRQHandler
                0x08005604                RCC_IRQHandler
                0x08005604                TIM1_TRG_COM_IRQHandler
                0x08005604                DMA1_Channel1_IRQHandler
                0x08005604                Default_Handler
                0x08005604                DMA2_Channel7_IRQHandler
                0x08005604                EXTI15_10_IRQHandler
                0x08005604                TIM7_IRQHandler
                0x08005604                I2C3_EV_IRQHandler
                0x08005604                USB_IRQHandler
                0x08005604                RTC_WKUP_IRQHandler
                0x08005604                PVD_PVM_IRQHandler
                0x08005604                DMA2_Channel5_IRQHandler
                0x08005604                CRS_IRQHandler
                0x08005604                DMA1_Channel5_IRQHandler
                0x08005604                RNG_IRQHandler
                0x08005604                DMA1_Channel3_IRQHandler
                0x08005604                COMP_IRQHandler
                0x08005604                WWDG_IRQHandler
                0x08005604                LPUART1_IRQHandler
                0x08005604                DMA2_Channel6_IRQHandler
                0x08005604                TIM2_IRQHandler
                0x08005604                EXTI1_IRQHandler
                0x08005604                DMA1_Channel2_IRQHandler
                0x08005604                CAN1_SCE_IRQHandler
                0x08005604                FLASH_IRQHandler
                0x08005604                USART1_IRQHandler
                0x08005604                SPI3_IRQHandler
                0x08005604                I2C1_ER_IRQHandler
                0x08005604                SWPMI1_IRQHandler
                0x08005604                LPTIM1_IRQHandler
                0x08005604                SAI1_IRQHandler
                0x08005604                DMA2_Channel3_IRQHandler
                0x08005604                TIM1_BRK_TIM15_IRQHandler
 *fill*         0x08005606        0x2 
 .text.__libc_init_array
                0x08005608       0x48 d:/stm32/plugins/fr.ac6.mcu.externaltools.arm-none.win32_1.17.0.201812190825/tools/compiler/bin/../lib/gcc/arm-none-eabi/7.3.1/../../../../arm-none-eabi/lib/thumb/v7e-m/fpv4-sp/hard\libc_nano.a(lib_a-init.o)
                0x08005608                __libc_init_array
 .text.memcpy   0x08005650       0x16 d:/stm32/plugins/fr.ac6.mcu.externaltools.arm-none.win32_1.17.0.201812190825/tools/compiler/bin/../lib/gcc/arm-none-eabi/7.3.1/../../../../arm-none-eabi/lib/thumb/v7e-m/fpv4-sp/hard\libc_nano.a(lib_a-memcpy-stub.o)
                0x08005650                memcpy
 .text.memset   0x08005666       0x10 d:/stm32/plugins/fr.ac6.mcu.externaltools.arm-none.win32_1.17.0.201812190825/tools/compiler/bin/../lib/gcc/arm-none-eabi/7.3.1/../../../../arm-none-eabi/lib/thumb/v7e-m/fpv4-sp/hard\libc_nano.a(lib_a-memset.o)
                0x08005666                memset
 *(.glue_7)
 .glue_7        0x08005676        0x0 linker stubs
 *(.glue_7t)
 .glue_7t       0x08005676        0x0 linker stubs
 *(.eh_frame)
 *fill*         0x08005676        0x2 
 .eh_frame      0x08005678        0x0 d:/stm32/plugins/fr.ac6.mcu.externaltools.arm-none.win32_1.17.0.201812190825/tools/compiler/bin/../lib/gcc/arm-none-eabi/7.3.1/thumb/v7e-m/fpv4-sp/hard/crtbegin.o
 *(.init)
 .init          0x08005678        0x4 d:/stm32/plugins/fr.ac6.mcu.externaltools.arm-none.win32_1.17.0.201812190825/tools/compiler/bin/../lib/gcc/arm-none-eabi/7.3.1/thumb/v7e-m/fpv4-sp/hard/crti.o
                0x08005678                _init
 .init          0x0800567c        0x8 d:/stm32/plugins/fr.ac6.mcu.externaltools.arm-none.win32_1.17.0.201812190825/tools/compiler/bin/../lib/gcc/arm-none-eabi/7.3.1/thumb/v7e-m/fpv4-sp/hard/crtn.o
 *(.fini)
 .fini          0x08005684        0x4 d:/stm32/plugins/fr.ac6.mcu.externaltools.arm-none.win32_1.17.0.201812190825/tools/compiler/bin/../lib/gcc/arm-none-eabi/7.3.1/thumb/v7e-m/fpv4-sp/hard/crti.o
                0x08005684                _fini
 .fini          0x08005688        0x8 d:/stm32/plugins/fr.ac6.mcu.externaltools.arm-none.win32_1.17.0.201812190825/tools/compiler/bin/../lib/gcc/arm-none-eabi/7.3.1/thumb/v7e-m/fpv4-sp/hard/crtn.o
                0x08005690                . = ALIGN (0x8)
                0x08005690                _etext = .

.vfp11_veneer   0x08005690        0x0
 .vfp11_veneer  0x08005690        0x0 linker stubs

.v4_bx          0x08005690        0x0
 .v4_bx         0x08005690        0x0 linker stubs

.iplt           0x08005690        0x0
 .iplt          0x08005690        0x0 d:/stm32/plugins/fr.ac6.mcu.externaltools.arm-none.win32_1.17.0.201812190825/tools/compiler/bin/../lib/gcc/arm-none-eabi/7.3.1/thumb/v7e-m/fpv4-sp/hard/crtbegin.o

.rodata         0x08005690       0xb8
                0x08005690                . = ALIGN (0x8)
 *(.rodata)
 .rodata        0x08005690       0x1c Src/main.o
 .rodata        0x080056ac       0x48 Src/system_stm32l4xx.o
                0x080056ac                MSIRangeTable
                0x080056dc                AHBPrescTable
                0x080056ec                APBPrescTable
 *(.rodata*)
 .rodata.str1.4
                0x080056f4        0x5 Middlewares/Third_Party/FreeRTOS/Source/tasks.o
 *fill*         0x080056f9        0x3 
 .rodata.str1.4
                0x080056fc       0x3a Src/lcd.o
 *fill*         0x08005736        0x2 
 .rodata.str1.4
                0x08005738        0xc Src/main.o
                0x08005748                . = ALIGN (0x8)
 *fill*         0x08005744        0x4 

.ARM.extab      0x08005748        0x0
                0x08005748                . = ALIGN (0x8)
 *(.ARM.extab* .gnu.linkonce.armextab.*)
                0x08005748                . = ALIGN (0x8)

.ARM            0x08005748        0x8
                0x08005748                . = ALIGN (0x8)
                0x08005748                __exidx_start = .
 *(.ARM.exidx*)
 .ARM.exidx     0x08005748        0x8 d:/stm32/plugins/fr.ac6.mcu.externaltools.arm-none.win32_1.17.0.201812190825/tools/compiler/bin/../lib/gcc/arm-none-eabi/7.3.1/thumb/v7e-m/fpv4-sp/hard\libgcc.a(_udivmoddi4.o)
                0x08005750                __exidx_end = .
                0x08005750                . = ALIGN (0x8)

.rel.dyn        0x08005750        0x0
 .rel.iplt      0x08005750        0x0 d:/stm32/plugins/fr.ac6.mcu.externaltools.arm-none.win32_1.17.0.201812190825/tools/compiler/bin/../lib/gcc/arm-none-eabi/7.3.1/thumb/v7e-m/fpv4-sp/hard/crtbegin.o

.preinit_array  0x08005750        0x0
                0x08005750                . = ALIGN (0x8)
                0x08005750                PROVIDE (__preinit_array_start = .)
 *(.preinit_array*)
                0x08005750                PROVIDE (__preinit_array_end = .)
                0x08005750                . = ALIGN (0x8)

.init_array     0x08005750        0x8
                0x08005750                . = ALIGN (0x8)
                0x08005750                PROVIDE (__init_array_start = .)
 *(SORT_BY_NAME(.init_array.*))
 *(.init_array*)
 .init_array    0x08005750        0x4 d:/stm32/plugins/fr.ac6.mcu.externaltools.arm-none.win32_1.17.0.201812190825/tools/compiler/bin/../lib/gcc/arm-none-eabi/7.3.1/thumb/v7e-m/fpv4-sp/hard/crtbegin.o
                0x08005754                PROVIDE (__init_array_end = .)
                0x08005758                . = ALIGN (0x8)
 *fill*         0x08005754        0x4 

.fini_array     0x08005758        0x8
                0x08005758                . = ALIGN (0x8)
                [!provide]                PROVIDE (__fini_array_start = .)
 *(SORT_BY_NAME(.fini_array.*))
 *(.fini_array*)
 .fini_array    0x08005758        0x4 d:/stm32/plugins/fr.ac6.mcu.externaltools.arm-none.win32_1.17.0.201812190825/tools/compiler/bin/../lib/gcc/arm-none-eabi/7.3.1/thumb/v7e-m/fpv4-sp/hard/crtbegin.o
                [!provide]                PROVIDE (__fini_array_end = .)
                0x08005760                . = ALIGN (0x8)
 *fill*         0x0800575c        0x4 
                0x08005760                _sidata = LOADADDR (.data)

.data           0x20000000       0x10 load address 0x08005760
                0x20000000                . = ALIGN (0x8)
                0x20000000                _sdata = .
 *(.data)
 .data          0x20000000        0x8 Drivers/STM32L4xx_HAL_Driver/Src/stm32l4xx_hal.o
                0x20000000                uwTickFreq
                0x20000004                uwTickPrio
 .data          0x20000008        0x4 Middlewares/Third_Party/FreeRTOS/Source/portable/GCC/ARM_CM4F/port.o
 .data          0x2000000c        0x4 Src/system_stm32l4xx.o
                0x2000000c                SystemCoreClock
 *(.data*)
                0x20000010                . = ALIGN (0x8)
                0x20000010                _edata = .

.igot.plt       0x20000010        0x0 load address 0x08005770
 .igot.plt      0x20000010        0x0 d:/stm32/plugins/fr.ac6.mcu.externaltools.arm-none.win32_1.17.0.201812190825/tools/compiler/bin/../lib/gcc/arm-none-eabi/7.3.1/thumb/v7e-m/fpv4-sp/hard/crtbegin.o
                0x20000010                . = ALIGN (0x4)

.bss            0x20000010     0x3458 load address 0x08005770
                0x20000010                _sbss = .
                0x20000010                __bss_start__ = _sbss
 *(.bss)
 .bss           0x20000010       0x1c d:/stm32/plugins/fr.ac6.mcu.externaltools.arm-none.win32_1.17.0.201812190825/tools/compiler/bin/../lib/gcc/arm-none-eabi/7.3.1/thumb/v7e-m/fpv4-sp/hard/crtbegin.o
 .bss           0x2000002c      0x128 Middlewares/Third_Party/FreeRTOS/Source/tasks.o
                0x2000012c                pxCurrentTCB
 .bss           0x20000154        0x8 Middlewares/Third_Party/FreeRTOS/Source/portable/GCC/ARM_CM4F/port.o
 .bss           0x2000015c     0x2ef8 Middlewares/Third_Party/FreeRTOS/Source/portable/MemMang/heap_4.o
 .bss           0x20003054      0x254 Src/freertos.o
 .bss           0x200032a8        0xc Src/stm32l4xx_it.o
                0x200032a8                BTN3_LastPressedTime
                0x200032ac                TRAC_LastPressedTime
                0x200032b0                START_LastPressedTime
 *(.bss*)
 *(COMMON)
 COMMON         0x200032b4        0x4 Drivers/STM32L4xx_HAL_Driver/Src/stm32l4xx_hal.o
                0x200032b4                uwTick
 COMMON         0x200032b8       0x4c Src/can_usr.o
                0x200032b8                lcd
 COMMON         0x20003304      0x118 Src/main.o
                0x20003304                defaultTaskHandle
                0x20003308                hadc1
                0x2000336c                myrx_data
                0x20003374                huart2
                0x200033f4                hcan1
 COMMON         0x2000341c       0x4c Src/stm32l4xx_hal_timebase_tim.o
                0x2000341c                htim1
                0x20003468                . = ALIGN (0x4)
                0x20003468                _ebss = .
                0x20003468                __bss_end__ = _ebss

._user_heap_stack
                0x20003468      0x600 load address 0x08005770
                0x20003468                . = ALIGN (0x8)
                0x20003468                PROVIDE (end = .)
                [!provide]                PROVIDE (_end = .)
                0x20003668                . = (. + _Min_Heap_Size)
 *fill*         0x20003468      0x200 
                0x20003a68                . = (. + _Min_Stack_Size)
 *fill*         0x20003668      0x400 
                0x20003a68                . = ALIGN (0x8)

/DISCARD/
 libc.a(*)
 libm.a(*)
 libgcc.a(*)

.ARM.attributes
                0x00000000       0x30
 *(.ARM.attributes)
 .ARM.attributes
                0x00000000       0x22 d:/stm32/plugins/fr.ac6.mcu.externaltools.arm-none.win32_1.17.0.201812190825/tools/compiler/bin/../lib/gcc/arm-none-eabi/7.3.1/thumb/v7e-m/fpv4-sp/hard/crti.o
 .ARM.attributes
                0x00000022       0x34 d:/stm32/plugins/fr.ac6.mcu.externaltools.arm-none.win32_1.17.0.201812190825/tools/compiler/bin/../lib/gcc/arm-none-eabi/7.3.1/thumb/v7e-m/fpv4-sp/hard/crtbegin.o
 .ARM.attributes
                0x00000056       0x39 Drivers/STM32L4xx_HAL_Driver/Src/stm32l4xx_hal.o
 .ARM.attributes
                0x0000008f       0x39 Drivers/STM32L4xx_HAL_Driver/Src/stm32l4xx_hal_adc.o
 .ARM.attributes
                0x000000c8       0x39 Drivers/STM32L4xx_HAL_Driver/Src/stm32l4xx_hal_can.o
 .ARM.attributes
                0x00000101       0x39 Drivers/STM32L4xx_HAL_Driver/Src/stm32l4xx_hal_cortex.o
 .ARM.attributes
                0x0000013a       0x39 Drivers/STM32L4xx_HAL_Driver/Src/stm32l4xx_hal_dma.o
 .ARM.attributes
                0x00000173       0x39 Drivers/STM32L4xx_HAL_Driver/Src/stm32l4xx_hal_gpio.o
 .ARM.attributes
                0x000001ac       0x39 Drivers/STM32L4xx_HAL_Driver/Src/stm32l4xx_hal_pwr_ex.o
 .ARM.attributes
                0x000001e5       0x39 Drivers/STM32L4xx_HAL_Driver/Src/stm32l4xx_hal_rcc.o
 .ARM.attributes
                0x0000021e       0x39 Drivers/STM32L4xx_HAL_Driver/Src/stm32l4xx_hal_rcc_ex.o
 .ARM.attributes
                0x00000257       0x39 Drivers/STM32L4xx_HAL_Driver/Src/stm32l4xx_hal_tim.o
 .ARM.attributes
                0x00000290       0x39 Drivers/STM32L4xx_HAL_Driver/Src/stm32l4xx_hal_tim_ex.o
 .ARM.attributes
                0x000002c9       0x39 Drivers/STM32L4xx_HAL_Driver/Src/stm32l4xx_hal_uart.o
 .ARM.attributes
                0x00000302       0x39 Drivers/STM32L4xx_HAL_Driver/Src/stm32l4xx_hal_uart_ex.o
 .ARM.attributes
                0x0000033b       0x39 Middlewares/Third_Party/FreeRTOS/Source/CMSIS_RTOS/cmsis_os.o
 .ARM.attributes
                0x00000374       0x39 Middlewares/Third_Party/FreeRTOS/Source/list.o
 .ARM.attributes
                0x000003ad       0x39 Middlewares/Third_Party/FreeRTOS/Source/queue.o
 .ARM.attributes
                0x000003e6       0x39 Middlewares/Third_Party/FreeRTOS/Source/tasks.o
 .ARM.attributes
                0x0000041f       0x39 Middlewares/Third_Party/FreeRTOS/Source/portable/GCC/ARM_CM4F/port.o
 .ARM.attributes
                0x00000458       0x39 Middlewares/Third_Party/FreeRTOS/Source/portable/MemMang/heap_4.o
 .ARM.attributes
                0x00000491       0x39 Src/can_usr.o
 .ARM.attributes
                0x000004ca       0x39 Src/freertos.o
 .ARM.attributes
                0x00000503       0x39 Src/lcd.o
 .ARM.attributes
                0x0000053c       0x39 Src/main.o
 .ARM.attributes
                0x00000575       0x39 Src/steer.o
 .ARM.attributes
                0x000005ae       0x39 Src/stm32l4xx_hal_msp.o
 .ARM.attributes
                0x000005e7       0x39 Src/stm32l4xx_hal_timebase_tim.o
 .ARM.attributes
                0x00000620       0x39 Src/stm32l4xx_it.o
 .ARM.attributes
                0x00000659       0x39 Src/system_stm32l4xx.o
 .ARM.attributes
                0x00000692       0x39 Src/uart.o
 .ARM.attributes
                0x000006cb       0x21 startup/startup_stm32l432xx.o
 .ARM.attributes
                0x000006ec       0x22 d:/stm32/plugins/fr.ac6.mcu.externaltools.arm-none.win32_1.17.0.201812190825/tools/compiler/bin/../lib/gcc/arm-none-eabi/7.3.1/thumb/v7e-m/fpv4-sp/hard\libgcc.a(_aeabi_uldivmod.o)
 .ARM.attributes
                0x0000070e       0x34 d:/stm32/plugins/fr.ac6.mcu.externaltools.arm-none.win32_1.17.0.201812190825/tools/compiler/bin/../lib/gcc/arm-none-eabi/7.3.1/thumb/v7e-m/fpv4-sp/hard\libgcc.a(_udivmoddi4.o)
 .ARM.attributes
                0x00000742       0x22 d:/stm32/plugins/fr.ac6.mcu.externaltools.arm-none.win32_1.17.0.201812190825/tools/compiler/bin/../lib/gcc/arm-none-eabi/7.3.1/thumb/v7e-m/fpv4-sp/hard\libgcc.a(_dvmd_tls.o)
 .ARM.attributes
                0x00000764       0x34 d:/stm32/plugins/fr.ac6.mcu.externaltools.arm-none.win32_1.17.0.201812190825/tools/compiler/bin/../lib/gcc/arm-none-eabi/7.3.1/../../../../arm-none-eabi/lib/thumb/v7e-m/fpv4-sp/hard\libc_nano.a(lib_a-init.o)
 .ARM.attributes
                0x00000798       0x34 d:/stm32/plugins/fr.ac6.mcu.externaltools.arm-none.win32_1.17.0.201812190825/tools/compiler/bin/../lib/gcc/arm-none-eabi/7.3.1/../../../../arm-none-eabi/lib/thumb/v7e-m/fpv4-sp/hard\libc_nano.a(lib_a-memcpy-stub.o)
 .ARM.attributes
                0x000007cc       0x34 d:/stm32/plugins/fr.ac6.mcu.externaltools.arm-none.win32_1.17.0.201812190825/tools/compiler/bin/../lib/gcc/arm-none-eabi/7.3.1/../../../../arm-none-eabi/lib/thumb/v7e-m/fpv4-sp/hard\libc_nano.a(lib_a-memset.o)
 .ARM.attributes
                0x00000800       0x22 d:/stm32/plugins/fr.ac6.mcu.externaltools.arm-none.win32_1.17.0.201812190825/tools/compiler/bin/../lib/gcc/arm-none-eabi/7.3.1/thumb/v7e-m/fpv4-sp/hard/crtn.o
OUTPUT(lcd_steering.elf elf32-littlearm)

.debug_info     0x00000000    0x2c2b4
 .debug_info    0x00000000      0xb7e Drivers/STM32L4xx_HAL_Driver/Src/stm32l4xx_hal.o
 .debug_info    0x00000b7e     0x2b14 Drivers/STM32L4xx_HAL_Driver/Src/stm32l4xx_hal_adc.o
 .debug_info    0x00003692     0x12b0 Drivers/STM32L4xx_HAL_Driver/Src/stm32l4xx_hal_can.o
 .debug_info    0x00004942     0x1053 Drivers/STM32L4xx_HAL_Driver/Src/stm32l4xx_hal_cortex.o
 .debug_info    0x00005995      0x987 Drivers/STM32L4xx_HAL_Driver/Src/stm32l4xx_hal_dma.o
 .debug_info    0x0000631c      0x9ca Drivers/STM32L4xx_HAL_Driver/Src/stm32l4xx_hal_gpio.o
 .debug_info    0x00006ce6      0xb4a Drivers/STM32L4xx_HAL_Driver/Src/stm32l4xx_hal_pwr_ex.o
 .debug_info    0x00007830      0xf40 Drivers/STM32L4xx_HAL_Driver/Src/stm32l4xx_hal_rcc.o
 .debug_info    0x00008770     0x127d Drivers/STM32L4xx_HAL_Driver/Src/stm32l4xx_hal_rcc_ex.o
 .debug_info    0x000099ed     0x3807 Drivers/STM32L4xx_HAL_Driver/Src/stm32l4xx_hal_tim.o
 .debug_info    0x0000d1f4     0x1aa5 Drivers/STM32L4xx_HAL_Driver/Src/stm32l4xx_hal_tim_ex.o
 .debug_info    0x0000ec99     0x1e31 Drivers/STM32L4xx_HAL_Driver/Src/stm32l4xx_hal_uart.o
 .debug_info    0x00010aca      0xb28 Drivers/STM32L4xx_HAL_Driver/Src/stm32l4xx_hal_uart_ex.o
 .debug_info    0x000115f2     0x276e Middlewares/Third_Party/FreeRTOS/Source/CMSIS_RTOS/cmsis_os.o
 .debug_info    0x00013d60      0xad8 Middlewares/Third_Party/FreeRTOS/Source/list.o
 .debug_info    0x00014838     0x286a Middlewares/Third_Party/FreeRTOS/Source/queue.o
 .debug_info    0x000170a2     0x2e5a Middlewares/Third_Party/FreeRTOS/Source/tasks.o
 .debug_info    0x00019efc      0x56f Middlewares/Third_Party/FreeRTOS/Source/portable/GCC/ARM_CM4F/port.o
 .debug_info    0x0001a46b      0xc71 Middlewares/Third_Party/FreeRTOS/Source/portable/MemMang/heap_4.o
 .debug_info    0x0001b0dc     0x1e0c Src/can_usr.o
 .debug_info    0x0001cee8     0x1aed Src/freertos.o
 .debug_info    0x0001e9d5     0x1d58 Src/lcd.o
 .debug_info    0x0002072d     0x2cfe Src/main.o
 .debug_info    0x0002342b     0x1b12 Src/steer.o
 .debug_info    0x00024f3d     0x223f Src/stm32l4xx_hal_msp.o
 .debug_info    0x0002717c      0xdd2 Src/stm32l4xx_hal_timebase_tim.o
 .debug_info    0x00027f4e     0x1fd1 Src/stm32l4xx_it.o
 .debug_info    0x00029f1f      0x73a Src/system_stm32l4xx.o
 .debug_info    0x0002a659     0x1c39 Src/uart.o
 .debug_info    0x0002c292       0x22 startup/startup_stm32l432xx.o

.debug_abbrev   0x00000000     0x4936
 .debug_abbrev  0x00000000      0x209 Drivers/STM32L4xx_HAL_Driver/Src/stm32l4xx_hal.o
 .debug_abbrev  0x00000209      0x29d Drivers/STM32L4xx_HAL_Driver/Src/stm32l4xx_hal_adc.o
 .debug_abbrev  0x000004a6      0x25f Drivers/STM32L4xx_HAL_Driver/Src/stm32l4xx_hal_can.o
 .debug_abbrev  0x00000705      0x328 Drivers/STM32L4xx_HAL_Driver/Src/stm32l4xx_hal_cortex.o
 .debug_abbrev  0x00000a2d      0x233 Drivers/STM32L4xx_HAL_Driver/Src/stm32l4xx_hal_dma.o
 .debug_abbrev  0x00000c60      0x1de Drivers/STM32L4xx_HAL_Driver/Src/stm32l4xx_hal_gpio.o
 .debug_abbrev  0x00000e3e      0x1f5 Drivers/STM32L4xx_HAL_Driver/Src/stm32l4xx_hal_pwr_ex.o
 .debug_abbrev  0x00001033      0x21f Drivers/STM32L4xx_HAL_Driver/Src/stm32l4xx_hal_rcc.o
 .debug_abbrev  0x00001252      0x24c Drivers/STM32L4xx_HAL_Driver/Src/stm32l4xx_hal_rcc_ex.o
 .debug_abbrev  0x0000149e      0x235 Drivers/STM32L4xx_HAL_Driver/Src/stm32l4xx_hal_tim.o
 .debug_abbrev  0x000016d3      0x246 Drivers/STM32L4xx_HAL_Driver/Src/stm32l4xx_hal_tim_ex.o
 .debug_abbrev  0x00001919      0x24d Drivers/STM32L4xx_HAL_Driver/Src/stm32l4xx_hal_uart.o
 .debug_abbrev  0x00001b66      0x217 Drivers/STM32L4xx_HAL_Driver/Src/stm32l4xx_hal_uart_ex.o
 .debug_abbrev  0x00001d7d      0x3e3 Middlewares/Third_Party/FreeRTOS/Source/CMSIS_RTOS/cmsis_os.o
 .debug_abbrev  0x00002160      0x223 Middlewares/Third_Party/FreeRTOS/Source/list.o
 .debug_abbrev  0x00002383      0x3ae Middlewares/Third_Party/FreeRTOS/Source/queue.o
 .debug_abbrev  0x00002731      0x3b1 Middlewares/Third_Party/FreeRTOS/Source/tasks.o
 .debug_abbrev  0x00002ae2      0x23d Middlewares/Third_Party/FreeRTOS/Source/portable/GCC/ARM_CM4F/port.o
 .debug_abbrev  0x00002d1f      0x318 Middlewares/Third_Party/FreeRTOS/Source/portable/MemMang/heap_4.o
 .debug_abbrev  0x00003037      0x29e Src/can_usr.o
 .debug_abbrev  0x000032d5      0x22c Src/freertos.o
 .debug_abbrev  0x00003501      0x2af Src/lcd.o
 .debug_abbrev  0x000037b0      0x365 Src/main.o
 .debug_abbrev  0x00003b15      0x2a0 Src/steer.o
 .debug_abbrev  0x00003db5      0x29e Src/stm32l4xx_hal_msp.o
 .debug_abbrev  0x00004053      0x1f0 Src/stm32l4xx_hal_timebase_tim.o
 .debug_abbrev  0x00004243      0x2cb Src/stm32l4xx_it.o
 .debug_abbrev  0x0000450e      0x150 Src/system_stm32l4xx.o
 .debug_abbrev  0x0000465e      0x2c6 Src/uart.o
 .debug_abbrev  0x00004924       0x12 startup/startup_stm32l432xx.o

.debug_loc      0x00000000    0x12600
 .debug_loc     0x00000000      0x195 Drivers/STM32L4xx_HAL_Driver/Src/stm32l4xx_hal.o
 .debug_loc     0x00000195     0x1d34 Drivers/STM32L4xx_HAL_Driver/Src/stm32l4xx_hal_adc.o
 .debug_loc     0x00001ec9      0xc58 Drivers/STM32L4xx_HAL_Driver/Src/stm32l4xx_hal_can.o
 .debug_loc     0x00002b21      0x5ce Drivers/STM32L4xx_HAL_Driver/Src/stm32l4xx_hal_cortex.o
 .debug_loc     0x000030ef      0x7a2 Drivers/STM32L4xx_HAL_Driver/Src/stm32l4xx_hal_dma.o
 .debug_loc     0x00003891      0x334 Drivers/STM32L4xx_HAL_Driver/Src/stm32l4xx_hal_gpio.o
 .debug_loc     0x00003bc5      0x648 Drivers/STM32L4xx_HAL_Driver/Src/stm32l4xx_hal_pwr_ex.o
 .debug_loc     0x0000420d      0x661 Drivers/STM32L4xx_HAL_Driver/Src/stm32l4xx_hal_rcc.o
 .debug_loc     0x0000486e     0x1495 Drivers/STM32L4xx_HAL_Driver/Src/stm32l4xx_hal_rcc_ex.o
 .debug_loc     0x00005d03     0x4a82 Drivers/STM32L4xx_HAL_Driver/Src/stm32l4xx_hal_tim.o
 .debug_loc     0x0000a785     0x2117 Drivers/STM32L4xx_HAL_Driver/Src/stm32l4xx_hal_tim_ex.o
 .debug_loc     0x0000c89c     0x183e Drivers/STM32L4xx_HAL_Driver/Src/stm32l4xx_hal_uart.o
 .debug_loc     0x0000e0da      0x30e Drivers/STM32L4xx_HAL_Driver/Src/stm32l4xx_hal_uart_ex.o
 .debug_loc     0x0000e3e8      0xfad Middlewares/Third_Party/FreeRTOS/Source/CMSIS_RTOS/cmsis_os.o
 .debug_loc     0x0000f395       0x70 Middlewares/Third_Party/FreeRTOS/Source/list.o
 .debug_loc     0x0000f405     0x11b4 Middlewares/Third_Party/FreeRTOS/Source/queue.o
 .debug_loc     0x000105b9     0x17d6 Middlewares/Third_Party/FreeRTOS/Source/tasks.o
 .debug_loc     0x00011d8f       0xdc Middlewares/Third_Party/FreeRTOS/Source/portable/GCC/ARM_CM4F/port.o
 .debug_loc     0x00011e6b      0x291 Middlewares/Third_Party/FreeRTOS/Source/portable/MemMang/heap_4.o
 .debug_loc     0x000120fc       0x63 Src/can_usr.o
 .debug_loc     0x0001215f       0x2c Src/lcd.o
 .debug_loc     0x0001218b       0x5b Src/main.o
 .debug_loc     0x000121e6       0x1f Src/steer.o
 .debug_loc     0x00012205      0x15c Src/stm32l4xx_hal_msp.o
 .debug_loc     0x00012361       0x79 Src/stm32l4xx_hal_timebase_tim.o
 .debug_loc     0x000123da      0x1b8 Src/system_stm32l4xx.o
 .debug_loc     0x00012592       0x6e Src/uart.o

.debug_aranges  0x00000000     0x1760
 .debug_aranges
                0x00000000      0x108 Drivers/STM32L4xx_HAL_Driver/Src/stm32l4xx_hal.o
 .debug_aranges
                0x00000108       0xf8 Drivers/STM32L4xx_HAL_Driver/Src/stm32l4xx_hal_adc.o
 .debug_aranges
                0x00000200      0x138 Drivers/STM32L4xx_HAL_Driver/Src/stm32l4xx_hal_can.o
 .debug_aranges
                0x00000338       0xa8 Drivers/STM32L4xx_HAL_Driver/Src/stm32l4xx_hal_cortex.o
 .debug_aranges
                0x000003e0       0x80 Drivers/STM32L4xx_HAL_Driver/Src/stm32l4xx_hal_dma.o
 .debug_aranges
                0x00000460       0x58 Drivers/STM32L4xx_HAL_Driver/Src/stm32l4xx_hal_gpio.o
 .debug_aranges
                0x000004b8      0x128 Drivers/STM32L4xx_HAL_Driver/Src/stm32l4xx_hal_pwr_ex.o
 .debug_aranges
                0x000005e0       0x88 Drivers/STM32L4xx_HAL_Driver/Src/stm32l4xx_hal_rcc.o
 .debug_aranges
                0x00000668       0xf0 Drivers/STM32L4xx_HAL_Driver/Src/stm32l4xx_hal_rcc_ex.o
 .debug_aranges
                0x00000758      0x3e0 Drivers/STM32L4xx_HAL_Driver/Src/stm32l4xx_hal_tim.o
 .debug_aranges
                0x00000b38      0x180 Drivers/STM32L4xx_HAL_Driver/Src/stm32l4xx_hal_tim_ex.o
 .debug_aranges
                0x00000cb8      0x210 Drivers/STM32L4xx_HAL_Driver/Src/stm32l4xx_hal_uart.o
 .debug_aranges
                0x00000ec8       0x60 Drivers/STM32L4xx_HAL_Driver/Src/stm32l4xx_hal_uart_ex.o
 .debug_aranges
                0x00000f28      0x1d8 Middlewares/Third_Party/FreeRTOS/Source/CMSIS_RTOS/cmsis_os.o
 .debug_aranges
                0x00001100       0x40 Middlewares/Third_Party/FreeRTOS/Source/list.o
 .debug_aranges
                0x00001140      0x108 Middlewares/Third_Party/FreeRTOS/Source/queue.o
 .debug_aranges
                0x00001248      0x1b0 Middlewares/Third_Party/FreeRTOS/Source/tasks.o
 .debug_aranges
                0x000013f8       0x80 Middlewares/Third_Party/FreeRTOS/Source/portable/GCC/ARM_CM4F/port.o
 .debug_aranges
                0x00001478       0x50 Middlewares/Third_Party/FreeRTOS/Source/portable/MemMang/heap_4.o
 .debug_aranges
                0x000014c8       0x38 Src/can_usr.o
 .debug_aranges
                0x00001500       0x20 Src/freertos.o
 .debug_aranges
                0x00001520       0x38 Src/lcd.o
 .debug_aranges
                0x00001558       0x60 Src/main.o
 .debug_aranges
                0x000015b8       0x20 Src/steer.o
 .debug_aranges
                0x000015d8       0x50 Src/stm32l4xx_hal_msp.o
 .debug_aranges
                0x00001628       0x30 Src/stm32l4xx_hal_timebase_tim.o
 .debug_aranges
                0x00001658       0x80 Src/stm32l4xx_it.o
 .debug_aranges
                0x000016d8       0x28 Src/system_stm32l4xx.o
 .debug_aranges
                0x00001700       0x38 Src/uart.o
 .debug_aranges
                0x00001738       0x28 startup/startup_stm32l432xx.o

.debug_ranges   0x00000000     0x1900
 .debug_ranges  0x00000000       0xf8 Drivers/STM32L4xx_HAL_Driver/Src/stm32l4xx_hal.o
 .debug_ranges  0x000000f8      0x250 Drivers/STM32L4xx_HAL_Driver/Src/stm32l4xx_hal_adc.o
 .debug_ranges  0x00000348      0x140 Drivers/STM32L4xx_HAL_Driver/Src/stm32l4xx_hal_can.o
 .debug_ranges  0x00000488       0xf8 Drivers/STM32L4xx_HAL_Driver/Src/stm32l4xx_hal_cortex.o
 .debug_ranges  0x00000580       0x70 Drivers/STM32L4xx_HAL_Driver/Src/stm32l4xx_hal_dma.o
 .debug_ranges  0x000005f0       0x48 Drivers/STM32L4xx_HAL_Driver/Src/stm32l4xx_hal_gpio.o
 .debug_ranges  0x00000638      0x118 Drivers/STM32L4xx_HAL_Driver/Src/stm32l4xx_hal_pwr_ex.o
 .debug_ranges  0x00000750       0x90 Drivers/STM32L4xx_HAL_Driver/Src/stm32l4xx_hal_rcc.o
 .debug_ranges  0x000007e0       0xf8 Drivers/STM32L4xx_HAL_Driver/Src/stm32l4xx_hal_rcc_ex.o
 .debug_ranges  0x000008d8      0x3d0 Drivers/STM32L4xx_HAL_Driver/Src/stm32l4xx_hal_tim.o
 .debug_ranges  0x00000ca8      0x170 Drivers/STM32L4xx_HAL_Driver/Src/stm32l4xx_hal_tim_ex.o
 .debug_ranges  0x00000e18      0x200 Drivers/STM32L4xx_HAL_Driver/Src/stm32l4xx_hal_uart.o
 .debug_ranges  0x00001018       0x50 Drivers/STM32L4xx_HAL_Driver/Src/stm32l4xx_hal_uart_ex.o
 .debug_ranges  0x00001068      0x1c8 Middlewares/Third_Party/FreeRTOS/Source/CMSIS_RTOS/cmsis_os.o
 .debug_ranges  0x00001230       0x30 Middlewares/Third_Party/FreeRTOS/Source/list.o
 .debug_ranges  0x00001260      0x1d8 Middlewares/Third_Party/FreeRTOS/Source/queue.o
 .debug_ranges  0x00001438      0x228 Middlewares/Third_Party/FreeRTOS/Source/tasks.o
 .debug_ranges  0x00001660       0x70 Middlewares/Third_Party/FreeRTOS/Source/portable/GCC/ARM_CM4F/port.o
 .debug_ranges  0x000016d0       0x40 Middlewares/Third_Party/FreeRTOS/Source/portable/MemMang/heap_4.o
 .debug_ranges  0x00001710       0x28 Src/can_usr.o
 .debug_ranges  0x00001738       0x10 Src/freertos.o
 .debug_ranges  0x00001748       0x28 Src/lcd.o
 .debug_ranges  0x00001770       0x50 Src/main.o
 .debug_ranges  0x000017c0       0x10 Src/steer.o
 .debug_ranges  0x000017d0       0x40 Src/stm32l4xx_hal_msp.o
 .debug_ranges  0x00001810       0x20 Src/stm32l4xx_hal_timebase_tim.o
 .debug_ranges  0x00001830       0x70 Src/stm32l4xx_it.o
 .debug_ranges  0x000018a0       0x18 Src/system_stm32l4xx.o
 .debug_ranges  0x000018b8       0x28 Src/uart.o
 .debug_ranges  0x000018e0       0x20 startup/startup_stm32l432xx.o

.debug_macro    0x00000000    0x27041
 .debug_macro   0x00000000      0x24e Drivers/STM32L4xx_HAL_Driver/Src/stm32l4xx_hal.o
 .debug_macro   0x0000024e      0xa54 Drivers/STM32L4xx_HAL_Driver/Src/stm32l4xx_hal.o
 .debug_macro   0x00000ca2      0x1b9 Drivers/STM32L4xx_HAL_Driver/Src/stm32l4xx_hal.o
 .debug_macro   0x00000e5b       0x2e Drivers/STM32L4xx_HAL_Driver/Src/stm32l4xx_hal.o
 .debug_macro   0x00000e89       0x28 Drivers/STM32L4xx_HAL_Driver/Src/stm32l4xx_hal.o
 .debug_macro   0x00000eb1       0x22 Drivers/STM32L4xx_HAL_Driver/Src/stm32l4xx_hal.o
 .debug_macro   0x00000ed3       0x8e Drivers/STM32L4xx_HAL_Driver/Src/stm32l4xx_hal.o
 .debug_macro   0x00000f61       0x51 Drivers/STM32L4xx_HAL_Driver/Src/stm32l4xx_hal.o
 .debug_macro   0x00000fb2       0xef Drivers/STM32L4xx_HAL_Driver/Src/stm32l4xx_hal.o
 .debug_macro   0x000010a1       0x6a Drivers/STM32L4xx_HAL_Driver/Src/stm32l4xx_hal.o
 .debug_macro   0x0000110b      0x1df Drivers/STM32L4xx_HAL_Driver/Src/stm32l4xx_hal.o
 .debug_macro   0x000012ea       0x1c Drivers/STM32L4xx_HAL_Driver/Src/stm32l4xx_hal.o
 .debug_macro   0x00001306       0x22 Drivers/STM32L4xx_HAL_Driver/Src/stm32l4xx_hal.o
 .debug_macro   0x00001328      0x101 Drivers/STM32L4xx_HAL_Driver/Src/stm32l4xx_hal.o
 .debug_macro   0x00001429     0x1011 Drivers/STM32L4xx_HAL_Driver/Src/stm32l4xx_hal.o
 .debug_macro   0x0000243a      0x11f Drivers/STM32L4xx_HAL_Driver/Src/stm32l4xx_hal.o
 .debug_macro   0x00002559    0x147b4 Drivers/STM32L4xx_HAL_Driver/Src/stm32l4xx_hal.o
 .debug_macro   0x00016d0d       0x43 Drivers/STM32L4xx_HAL_Driver/Src/stm32l4xx_hal.o
 .debug_macro   0x00016d50     0x3890 Drivers/STM32L4xx_HAL_Driver/Src/stm32l4xx_hal.o
 .debug_macro   0x0001a5e0      0x174 Drivers/STM32L4xx_HAL_Driver/Src/stm32l4xx_hal.o
 .debug_macro   0x0001a754       0x5c Drivers/STM32L4xx_HAL_Driver/Src/stm32l4xx_hal.o
 .debug_macro   0x0001a7b0     0x118b Drivers/STM32L4xx_HAL_Driver/Src/stm32l4xx_hal.o
 .debug_macro   0x0001b93b      0x535 Drivers/STM32L4xx_HAL_Driver/Src/stm32l4xx_hal.o
 .debug_macro   0x0001be70      0x13d Drivers/STM32L4xx_HAL_Driver/Src/stm32l4xx_hal.o
 .debug_macro   0x0001bfad      0x122 Drivers/STM32L4xx_HAL_Driver/Src/stm32l4xx_hal.o
 .debug_macro   0x0001c0cf      0x26b Drivers/STM32L4xx_HAL_Driver/Src/stm32l4xx_hal.o
 .debug_macro   0x0001c33a      0x23d Drivers/STM32L4xx_HAL_Driver/Src/stm32l4xx_hal.o
 .debug_macro   0x0001c577      0xdd8 Drivers/STM32L4xx_HAL_Driver/Src/stm32l4xx_hal.o
 .debug_macro   0x0001d34f      0x61d Drivers/STM32L4xx_HAL_Driver/Src/stm32l4xx_hal.o
 .debug_macro   0x0001d96c      0x241 Drivers/STM32L4xx_HAL_Driver/Src/stm32l4xx_hal.o
 .debug_macro   0x0001dbad      0x408 Drivers/STM32L4xx_HAL_Driver/Src/stm32l4xx_hal.o
 .debug_macro   0x0001dfb5      0x241 Drivers/STM32L4xx_HAL_Driver/Src/stm32l4xx_hal.o
 .debug_macro   0x0001e1f6      0x375 Drivers/STM32L4xx_HAL_Driver/Src/stm32l4xx_hal.o
 .debug_macro   0x0001e56b       0xd6 Drivers/STM32L4xx_HAL_Driver/Src/stm32l4xx_hal.o
 .debug_macro   0x0001e641      0x22c Drivers/STM32L4xx_HAL_Driver/Src/stm32l4xx_hal.o
 .debug_macro   0x0001e86d       0x61 Drivers/STM32L4xx_HAL_Driver/Src/stm32l4xx_hal.o
 .debug_macro   0x0001e8ce       0xa5 Drivers/STM32L4xx_HAL_Driver/Src/stm32l4xx_hal.o
 .debug_macro   0x0001e973      0x122 Drivers/STM32L4xx_HAL_Driver/Src/stm32l4xx_hal.o
 .debug_macro   0x0001ea95      0x357 Drivers/STM32L4xx_HAL_Driver/Src/stm32l4xx_hal.o
 .debug_macro   0x0001edec      0xa75 Drivers/STM32L4xx_HAL_Driver/Src/stm32l4xx_hal.o
 .debug_macro   0x0001f861      0x12e Drivers/STM32L4xx_HAL_Driver/Src/stm32l4xx_hal.o
 .debug_macro   0x0001f98f      0x59e Drivers/STM32L4xx_HAL_Driver/Src/stm32l4xx_hal.o
 .debug_macro   0x0001ff2d       0x44 Drivers/STM32L4xx_HAL_Driver/Src/stm32l4xx_hal.o
 .debug_macro   0x0001ff71      0x221 Drivers/STM32L4xx_HAL_Driver/Src/stm32l4xx_hal.o
 .debug_macro   0x00020192      0x223 Drivers/STM32L4xx_HAL_Driver/Src/stm32l4xx_hal_adc.o
 .debug_macro   0x000203b5      0x20e Drivers/STM32L4xx_HAL_Driver/Src/stm32l4xx_hal_can.o
 .debug_macro   0x000205c3      0x206 Drivers/STM32L4xx_HAL_Driver/Src/stm32l4xx_hal_cortex.o
 .debug_macro   0x000207c9      0x206 Drivers/STM32L4xx_HAL_Driver/Src/stm32l4xx_hal_dma.o
 .debug_macro   0x000209cf      0x245 Drivers/STM32L4xx_HAL_Driver/Src/stm32l4xx_hal_gpio.o
 .debug_macro   0x00020c14      0x22a Drivers/STM32L4xx_HAL_Driver/Src/stm32l4xx_hal_pwr_ex.o
 .debug_macro   0x00020e3e      0x248 Drivers/STM32L4xx_HAL_Driver/Src/stm32l4xx_hal_rcc.o
 .debug_macro   0x00021086      0x23c Drivers/STM32L4xx_HAL_Driver/Src/stm32l4xx_hal_rcc_ex.o
 .debug_macro   0x000212c2      0x207 Drivers/STM32L4xx_HAL_Driver/Src/stm32l4xx_hal_tim.o
 .debug_macro   0x000214c9      0x206 Drivers/STM32L4xx_HAL_Driver/Src/stm32l4xx_hal_tim_ex.o
 .debug_macro   0x000216cf      0x231 Drivers/STM32L4xx_HAL_Driver/Src/stm32l4xx_hal_uart.o
 .debug_macro   0x00021900      0x206 Drivers/STM32L4xx_HAL_Driver/Src/stm32l4xx_hal_uart_ex.o
 .debug_macro   0x00021b06      0x1ec Middlewares/Third_Party/FreeRTOS/Source/CMSIS_RTOS/cmsis_os.o
 .debug_macro   0x00021cf2       0x58 Middlewares/Third_Party/FreeRTOS/Source/CMSIS_RTOS/cmsis_os.o
 .debug_macro   0x00021d4a       0x18 Middlewares/Third_Party/FreeRTOS/Source/CMSIS_RTOS/cmsis_os.o
 .debug_macro   0x00021d62       0x94 Middlewares/Third_Party/FreeRTOS/Source/CMSIS_RTOS/cmsis_os.o
 .debug_macro   0x00021df6       0x35 Middlewares/Third_Party/FreeRTOS/Source/CMSIS_RTOS/cmsis_os.o
 .debug_macro   0x00021e2b       0x34 Middlewares/Third_Party/FreeRTOS/Source/CMSIS_RTOS/cmsis_os.o
 .debug_macro   0x00021e5f       0x57 Middlewares/Third_Party/FreeRTOS/Source/CMSIS_RTOS/cmsis_os.o
 .debug_macro   0x00021eb6       0x58 Middlewares/Third_Party/FreeRTOS/Source/CMSIS_RTOS/cmsis_os.o
 .debug_macro   0x00021f0e       0x1f Middlewares/Third_Party/FreeRTOS/Source/CMSIS_RTOS/cmsis_os.o
 .debug_macro   0x00021f2d       0x43 Middlewares/Third_Party/FreeRTOS/Source/CMSIS_RTOS/cmsis_os.o
 .debug_macro   0x00021f70       0x20 Middlewares/Third_Party/FreeRTOS/Source/CMSIS_RTOS/cmsis_os.o
 .debug_macro   0x00021f90      0x18e Middlewares/Third_Party/FreeRTOS/Source/CMSIS_RTOS/cmsis_os.o
 .debug_macro   0x0002211e      0x330 Middlewares/Third_Party/FreeRTOS/Source/CMSIS_RTOS/cmsis_os.o
 .debug_macro   0x0002244e       0x10 Middlewares/Third_Party/FreeRTOS/Source/CMSIS_RTOS/cmsis_os.o
 .debug_macro   0x0002245e       0x35 Middlewares/Third_Party/FreeRTOS/Source/CMSIS_RTOS/cmsis_os.o
 .debug_macro   0x00022493       0xea Middlewares/Third_Party/FreeRTOS/Source/CMSIS_RTOS/cmsis_os.o
 .debug_macro   0x0002257d      0x15a Middlewares/Third_Party/FreeRTOS/Source/CMSIS_RTOS/cmsis_os.o
 .debug_macro   0x000226d7       0xde Middlewares/Third_Party/FreeRTOS/Source/CMSIS_RTOS/cmsis_os.o
 .debug_macro   0x000227b5       0x1c Middlewares/Third_Party/FreeRTOS/Source/CMSIS_RTOS/cmsis_os.o
 .debug_macro   0x000227d1       0x26 Middlewares/Third_Party/FreeRTOS/Source/CMSIS_RTOS/cmsis_os.o
 .debug_macro   0x000227f7      0x4e8 Middlewares/Third_Party/FreeRTOS/Source/CMSIS_RTOS/cmsis_os.o
 .debug_macro   0x00022cdf       0xb5 Middlewares/Third_Party/FreeRTOS/Source/CMSIS_RTOS/cmsis_os.o
 .debug_macro   0x00022d94       0xaa Middlewares/Third_Party/FreeRTOS/Source/CMSIS_RTOS/cmsis_os.o
 .debug_macro   0x00022e3e       0x91 Middlewares/Third_Party/FreeRTOS/Source/CMSIS_RTOS/cmsis_os.o
 .debug_macro   0x00022ecf       0x8d Middlewares/Third_Party/FreeRTOS/Source/CMSIS_RTOS/cmsis_os.o
 .debug_macro   0x00022f5c       0x7e Middlewares/Third_Party/FreeRTOS/Source/CMSIS_RTOS/cmsis_os.o
 .debug_macro   0x00022fda       0x19 Middlewares/Third_Party/FreeRTOS/Source/CMSIS_RTOS/cmsis_os.o
 .debug_macro   0x00022ff3       0xf2 Middlewares/Third_Party/FreeRTOS/Source/CMSIS_RTOS/cmsis_os.o
 .debug_macro   0x000230e5       0xe9 Middlewares/Third_Party/FreeRTOS/Source/CMSIS_RTOS/cmsis_os.o
 .debug_macro   0x000231ce      0x17a Middlewares/Third_Party/FreeRTOS/Source/list.o
 .debug_macro   0x00023348      0x204 Middlewares/Third_Party/FreeRTOS/Source/queue.o
 .debug_macro   0x0002354c       0x16 Middlewares/Third_Party/FreeRTOS/Source/queue.o
 .debug_macro   0x00023562       0x87 Middlewares/Third_Party/FreeRTOS/Source/queue.o
 .debug_macro   0x000235e9      0x267 Middlewares/Third_Party/FreeRTOS/Source/tasks.o
 .debug_macro   0x00023850       0x10 Middlewares/Third_Party/FreeRTOS/Source/tasks.o
 .debug_macro   0x00023860      0x196 Middlewares/Third_Party/FreeRTOS/Source/portable/GCC/ARM_CM4F/port.o
 .debug_macro   0x000239f6      0x1a1 Middlewares/Third_Party/FreeRTOS/Source/portable/MemMang/heap_4.o
 .debug_macro   0x00023b97      0x4b9 Src/can_usr.o
 .debug_macro   0x00024050       0xea Src/can_usr.o
 .debug_macro   0x0002413a       0x82 Src/can_usr.o
 .debug_macro   0x000241bc       0x1c Src/can_usr.o
 .debug_macro   0x000241d8       0x16 Src/can_usr.o
 .debug_macro   0x000241ee       0x3a Src/can_usr.o
 .debug_macro   0x00024228      0x32a Src/can_usr.o
 .debug_macro   0x00024552       0x1c Src/can_usr.o
 .debug_macro   0x0002456e       0x10 Src/can_usr.o
 .debug_macro   0x0002457e       0x10 Src/can_usr.o
 .debug_macro   0x0002458e       0x1c Src/can_usr.o
 .debug_macro   0x000245aa       0x52 Src/can_usr.o
 .debug_macro   0x000245fc       0x40 Src/can_usr.o
 .debug_macro   0x0002463c       0x10 Src/can_usr.o
 .debug_macro   0x0002464c       0x40 Src/can_usr.o
 .debug_macro   0x0002468c       0xd7 Src/can_usr.o
 .debug_macro   0x00024763       0x1c Src/can_usr.o
 .debug_macro   0x0002477f       0x3d Src/can_usr.o
 .debug_macro   0x000247bc       0x16 Src/can_usr.o
 .debug_macro   0x000247d2      0x16f Src/can_usr.o
 .debug_macro   0x00024941      0x17e Src/can_usr.o
 .debug_macro   0x00024abf      0x4bf Src/freertos.o
 .debug_macro   0x00024f7e       0x16 Src/freertos.o
 .debug_macro   0x00024f94      0x4b9 Src/lcd.o
 .debug_macro   0x0002544d      0x4c7 Src/main.o
 .debug_macro   0x00025914      0x4bf Src/steer.o
 .debug_macro   0x00025dd3       0x10 Src/steer.o
 .debug_macro   0x00025de3      0x4bf Src/stm32l4xx_hal_msp.o
 .debug_macro   0x000262a2      0x206 Src/stm32l4xx_hal_timebase_tim.o
 .debug_macro   0x000264a8      0x4cd Src/stm32l4xx_it.o
 .debug_macro   0x00026975      0x20d Src/system_stm32l4xx.o
 .debug_macro   0x00026b82      0x4bf Src/uart.o

.debug_line     0x00000000    0x16bdc
 .debug_line    0x00000000      0x9df Drivers/STM32L4xx_HAL_Driver/Src/stm32l4xx_hal.o
 .debug_line    0x000009df     0x12f3 Drivers/STM32L4xx_HAL_Driver/Src/stm32l4xx_hal_adc.o
 .debug_line    0x00001cd2      0xc8d Drivers/STM32L4xx_HAL_Driver/Src/stm32l4xx_hal_can.o
 .debug_line    0x0000295f      0x9ed Drivers/STM32L4xx_HAL_Driver/Src/stm32l4xx_hal_cortex.o
 .debug_line    0x0000334c      0xa13 Drivers/STM32L4xx_HAL_Driver/Src/stm32l4xx_hal_dma.o
 .debug_line    0x00003d5f      0x8e7 Drivers/STM32L4xx_HAL_Driver/Src/stm32l4xx_hal_gpio.o
 .debug_line    0x00004646      0xb2f Drivers/STM32L4xx_HAL_Driver/Src/stm32l4xx_hal_pwr_ex.o
 .debug_line    0x00005175      0xb52 Drivers/STM32L4xx_HAL_Driver/Src/stm32l4xx_hal_rcc.o
 .debug_line    0x00005cc7      0xd2e Drivers/STM32L4xx_HAL_Driver/Src/stm32l4xx_hal_rcc_ex.o
 .debug_line    0x000069f5     0x269e Drivers/STM32L4xx_HAL_Driver/Src/stm32l4xx_hal_tim.o
 .debug_line    0x00009093     0x150d Drivers/STM32L4xx_HAL_Driver/Src/stm32l4xx_hal_tim_ex.o
 .debug_line    0x0000a5a0     0x1333 Drivers/STM32L4xx_HAL_Driver/Src/stm32l4xx_hal_uart.o
 .debug_line    0x0000b8d3      0x905 Drivers/STM32L4xx_HAL_Driver/Src/stm32l4xx_hal_uart_ex.o
 .debug_line    0x0000c1d8      0xc28 Middlewares/Third_Party/FreeRTOS/Source/CMSIS_RTOS/cmsis_os.o
 .debug_line    0x0000ce00      0x57f Middlewares/Third_Party/FreeRTOS/Source/list.o
 .debug_line    0x0000d37f      0xc42 Middlewares/Third_Party/FreeRTOS/Source/queue.o
 .debug_line    0x0000dfc1      0xf41 Middlewares/Third_Party/FreeRTOS/Source/tasks.o
 .debug_line    0x0000ef02      0x636 Middlewares/Third_Party/FreeRTOS/Source/portable/GCC/ARM_CM4F/port.o
 .debug_line    0x0000f538      0x633 Middlewares/Third_Party/FreeRTOS/Source/portable/MemMang/heap_4.o
 .debug_line    0x0000fb6b      0xbd3 Src/can_usr.o
 .debug_line    0x0001073e      0xb80 Src/freertos.o
 .debug_line    0x000112be      0xc18 Src/lcd.o
 .debug_line    0x00011ed6      0xcad Src/main.o
 .debug_line    0x00012b83      0xbba Src/steer.o
 .debug_line    0x0001373d      0xc41 Src/stm32l4xx_hal_msp.o
 .debug_line    0x0001437e      0x7c6 Src/stm32l4xx_hal_timebase_tim.o
 .debug_line    0x00014b44      0xc7b Src/stm32l4xx_it.o
 .debug_line    0x000157bf      0x7d0 Src/system_stm32l4xx.o
 .debug_line    0x00015f8f      0xbce Src/uart.o
 .debug_line    0x00016b5d       0x7f startup/startup_stm32l432xx.o

.debug_str      0x00000000    0xe76dd
 .debug_str     0x00000000    0xd4914 Drivers/STM32L4xx_HAL_Driver/Src/stm32l4xx_hal.o
                              0xd4f34 (size before relaxing)
 .debug_str     0x000d4914      0xe47 Drivers/STM32L4xx_HAL_Driver/Src/stm32l4xx_hal_adc.o
                              0xd53e4 (size before relaxing)
 .debug_str     0x000d575b      0x789 Drivers/STM32L4xx_HAL_Driver/Src/stm32l4xx_hal_can.o
                              0xd4cb1 (size before relaxing)
 .debug_str     0x000d5ee4      0x38f Drivers/STM32L4xx_HAL_Driver/Src/stm32l4xx_hal_cortex.o
                              0xd4d4c (size before relaxing)
 .debug_str     0x000d6273      0x234 Drivers/STM32L4xx_HAL_Driver/Src/stm32l4xx_hal_dma.o
                              0xd4872 (size before relaxing)
 .debug_str     0x000d64a7      0x2bc Drivers/STM32L4xx_HAL_Driver/Src/stm32l4xx_hal_gpio.o
                              0xd488b (size before relaxing)
 .debug_str     0x000d6763      0x45e Drivers/STM32L4xx_HAL_Driver/Src/stm32l4xx_hal_pwr_ex.o
                              0xd4ac8 (size before relaxing)
 .debug_str     0x000d6bc1      0x50d Drivers/STM32L4xx_HAL_Driver/Src/stm32l4xx_hal_rcc.o
                              0xd4bce (size before relaxing)
 .debug_str     0x000d70ce      0x6f8 Drivers/STM32L4xx_HAL_Driver/Src/stm32l4xx_hal_rcc_ex.o
                              0xd4e94 (size before relaxing)
 .debug_str     0x000d77c6     0x1133 Drivers/STM32L4xx_HAL_Driver/Src/stm32l4xx_hal_tim.o
                              0xd5902 (size before relaxing)
 .debug_str     0x000d88f9      0x64a Drivers/STM32L4xx_HAL_Driver/Src/stm32l4xx_hal_tim_ex.o
                              0xd522d (size before relaxing)
 .debug_str     0x000d8f43      0xa24 Drivers/STM32L4xx_HAL_Driver/Src/stm32l4xx_hal_uart.o
                              0xd5271 (size before relaxing)
 .debug_str     0x000d9967      0x185 Drivers/STM32L4xx_HAL_Driver/Src/stm32l4xx_hal_uart_ex.o
                              0xd4a26 (size before relaxing)
 .debug_str     0x000d9aec     0x9721 Middlewares/Third_Party/FreeRTOS/Source/CMSIS_RTOS/cmsis_os.o
                               0xe0d2 (size before relaxing)
 .debug_str     0x000e320d      0x219 Middlewares/Third_Party/FreeRTOS/Source/list.o
                               0xa39d (size before relaxing)
 .debug_str     0x000e3426      0x7dd Middlewares/Third_Party/FreeRTOS/Source/queue.o
                               0xbcd3 (size before relaxing)
 .debug_str     0x000e3c03      0xf65 Middlewares/Third_Party/FreeRTOS/Source/tasks.o
                               0xc6ae (size before relaxing)
 .debug_str     0x000e4b68      0x783 Middlewares/Third_Party/FreeRTOS/Source/portable/GCC/ARM_CM4F/port.o
                               0x855d (size before relaxing)
 .debug_str     0x000e52eb      0x243 Middlewares/Third_Party/FreeRTOS/Source/portable/MemMang/heap_4.o
                               0xabaf (size before relaxing)
 .debug_str     0x000e552e     0x1d2b Src/can_usr.o
                              0xdf73e (size before relaxing)
 .debug_str     0x000e7259       0x5e Src/freertos.o
                              0xdf5e5 (size before relaxing)
 .debug_str     0x000e72b7       0x93 Src/lcd.o
                              0xdf5f7 (size before relaxing)
 .debug_str     0x000e734a       0xb8 Src/main.o
                              0xe04c2 (size before relaxing)
 .debug_str     0x000e7402       0x3d Src/steer.o
                              0xdf59f (size before relaxing)
 .debug_str     0x000e743f       0x1b Src/stm32l4xx_hal_msp.o
                              0xdfacb (size before relaxing)
 .debug_str     0x000e745a       0x50 Src/stm32l4xx_hal_timebase_tim.o
                              0xd4f74 (size before relaxing)
 .debug_str     0x000e74aa      0x157 Src/stm32l4xx_it.o
                              0xdf9e8 (size before relaxing)
 .debug_str     0x000e7601       0x50 Src/system_stm32l4xx.o
                              0xd460c (size before relaxing)
 .debug_str     0x000e7651       0x5d Src/uart.o
                              0xdf63f (size before relaxing)
 .debug_str     0x000e76ae       0x2f startup/startup_stm32l432xx.o
                                 0x79 (size before relaxing)

.comment        0x00000000       0x7f
 .comment       0x00000000       0x7f Drivers/STM32L4xx_HAL_Driver/Src/stm32l4xx_hal.o
                                 0x80 (size before relaxing)
 .comment       0x0000007f       0x80 Drivers/STM32L4xx_HAL_Driver/Src/stm32l4xx_hal_adc.o
 .comment       0x0000007f       0x80 Drivers/STM32L4xx_HAL_Driver/Src/stm32l4xx_hal_can.o
 .comment       0x0000007f       0x80 Drivers/STM32L4xx_HAL_Driver/Src/stm32l4xx_hal_cortex.o
 .comment       0x0000007f       0x80 Drivers/STM32L4xx_HAL_Driver/Src/stm32l4xx_hal_dma.o
 .comment       0x0000007f       0x80 Drivers/STM32L4xx_HAL_Driver/Src/stm32l4xx_hal_gpio.o
 .comment       0x0000007f       0x80 Drivers/STM32L4xx_HAL_Driver/Src/stm32l4xx_hal_pwr_ex.o
 .comment       0x0000007f       0x80 Drivers/STM32L4xx_HAL_Driver/Src/stm32l4xx_hal_rcc.o
 .comment       0x0000007f       0x80 Drivers/STM32L4xx_HAL_Driver/Src/stm32l4xx_hal_rcc_ex.o
 .comment       0x0000007f       0x80 Drivers/STM32L4xx_HAL_Driver/Src/stm32l4xx_hal_tim.o
 .comment       0x0000007f       0x80 Drivers/STM32L4xx_HAL_Driver/Src/stm32l4xx_hal_tim_ex.o
 .comment       0x0000007f       0x80 Drivers/STM32L4xx_HAL_Driver/Src/stm32l4xx_hal_uart.o
 .comment       0x0000007f       0x80 Drivers/STM32L4xx_HAL_Driver/Src/stm32l4xx_hal_uart_ex.o
 .comment       0x0000007f       0x80 Middlewares/Third_Party/FreeRTOS/Source/CMSIS_RTOS/cmsis_os.o
 .comment       0x0000007f       0x80 Middlewares/Third_Party/FreeRTOS/Source/list.o
 .comment       0x0000007f       0x80 Middlewares/Third_Party/FreeRTOS/Source/queue.o
 .comment       0x0000007f       0x80 Middlewares/Third_Party/FreeRTOS/Source/tasks.o
 .comment       0x0000007f       0x80 Middlewares/Third_Party/FreeRTOS/Source/portable/GCC/ARM_CM4F/port.o
 .comment       0x0000007f       0x80 Middlewares/Third_Party/FreeRTOS/Source/portable/MemMang/heap_4.o
 .comment       0x0000007f       0x80 Src/can_usr.o
 .comment       0x0000007f       0x80 Src/freertos.o
 .comment       0x0000007f       0x80 Src/lcd.o
 .comment       0x0000007f       0x80 Src/main.o
 .comment       0x0000007f       0x80 Src/steer.o
 .comment       0x0000007f       0x80 Src/stm32l4xx_hal_msp.o
 .comment       0x0000007f       0x80 Src/stm32l4xx_hal_timebase_tim.o
 .comment       0x0000007f       0x80 Src/stm32l4xx_it.o
 .comment       0x0000007f       0x80 Src/system_stm32l4xx.o
 .comment       0x0000007f       0x80 Src/uart.o

.debug_frame    0x00000000     0x3f40
 .debug_frame   0x00000000      0x21c Drivers/STM32L4xx_HAL_Driver/Src/stm32l4xx_hal.o
 .debug_frame   0x0000021c      0x2d4 Drivers/STM32L4xx_HAL_Driver/Src/stm32l4xx_hal_adc.o
 .debug_frame   0x000004f0      0x2e4 Drivers/STM32L4xx_HAL_Driver/Src/stm32l4xx_hal_can.o
 .debug_frame   0x000007d4      0x15c Drivers/STM32L4xx_HAL_Driver/Src/stm32l4xx_hal_cortex.o
 .debug_frame   0x00000930      0x16c Drivers/STM32L4xx_HAL_Driver/Src/stm32l4xx_hal_dma.o
 .debug_frame   0x00000a9c       0xd0 Drivers/STM32L4xx_HAL_Driver/Src/stm32l4xx_hal_gpio.o
 .debug_frame   0x00000b6c      0x248 Drivers/STM32L4xx_HAL_Driver/Src/stm32l4xx_hal_pwr_ex.o
 .debug_frame   0x00000db4      0x18c Drivers/STM32L4xx_HAL_Driver/Src/stm32l4xx_hal_rcc.o
 .debug_frame   0x00000f40      0x248 Drivers/STM32L4xx_HAL_Driver/Src/stm32l4xx_hal_rcc_ex.o
 .debug_frame   0x00001188      0xbb8 Drivers/STM32L4xx_HAL_Driver/Src/stm32l4xx_hal_tim.o
 .debug_frame   0x00001d40      0x4f0 Drivers/STM32L4xx_HAL_Driver/Src/stm32l4xx_hal_tim_ex.o
 .debug_frame   0x00002230      0x5ac Drivers/STM32L4xx_HAL_Driver/Src/stm32l4xx_hal_uart.o
 .debug_frame   0x000027dc       0xdc Drivers/STM32L4xx_HAL_Driver/Src/stm32l4xx_hal_uart_ex.o
 .debug_frame   0x000028b8      0x5a0 Middlewares/Third_Party/FreeRTOS/Source/CMSIS_RTOS/cmsis_os.o
 .debug_frame   0x00002e58       0x6c Middlewares/Third_Party/FreeRTOS/Source/list.o
 .debug_frame   0x00002ec4      0x34c Middlewares/Third_Party/FreeRTOS/Source/queue.o
 .debug_frame   0x00003210      0x568 Middlewares/Third_Party/FreeRTOS/Source/tasks.o
 .debug_frame   0x00003778      0x100 Middlewares/Third_Party/FreeRTOS/Source/portable/GCC/ARM_CM4F/port.o
 .debug_frame   0x00003878       0xac Middlewares/Third_Party/FreeRTOS/Source/portable/MemMang/heap_4.o
 .debug_frame   0x00003924       0x7c Src/can_usr.o
 .debug_frame   0x000039a0       0x20 Src/freertos.o
 .debug_frame   0x000039c0       0x8c Src/lcd.o
 .debug_frame   0x00003a4c       0xfc Src/main.o
 .debug_frame   0x00003b48       0x30 Src/steer.o
 .debug_frame   0x00003b78       0xd4 Src/stm32l4xx_hal_msp.o
 .debug_frame   0x00003c4c       0x50 Src/stm32l4xx_hal_timebase_tim.o
 .debug_frame   0x00003c9c      0x128 Src/stm32l4xx_it.o
 .debug_frame   0x00003dc4       0x30 Src/system_stm32l4xx.o
 .debug_frame   0x00003df4       0x78 Src/uart.o
 .debug_frame   0x00003e6c       0x2c d:/stm32/plugins/fr.ac6.mcu.externaltools.arm-none.win32_1.17.0.201812190825/tools/compiler/bin/../lib/gcc/arm-none-eabi/7.3.1/thumb/v7e-m/fpv4-sp/hard\libgcc.a(_aeabi_uldivmod.o)
 .debug_frame   0x00003e98       0x34 d:/stm32/plugins/fr.ac6.mcu.externaltools.arm-none.win32_1.17.0.201812190825/tools/compiler/bin/../lib/gcc/arm-none-eabi/7.3.1/thumb/v7e-m/fpv4-sp/hard\libgcc.a(_udivmoddi4.o)
 .debug_frame   0x00003ecc       0x2c d:/stm32/plugins/fr.ac6.mcu.externaltools.arm-none.win32_1.17.0.201812190825/tools/compiler/bin/../lib/gcc/arm-none-eabi/7.3.1/../../../../arm-none-eabi/lib/thumb/v7e-m/fpv4-sp/hard\libc_nano.a(lib_a-init.o)
 .debug_frame   0x00003ef8       0x28 d:/stm32/plugins/fr.ac6.mcu.externaltools.arm-none.win32_1.17.0.201812190825/tools/compiler/bin/../lib/gcc/arm-none-eabi/7.3.1/../../../../arm-none-eabi/lib/thumb/v7e-m/fpv4-sp/hard\libc_nano.a(lib_a-memcpy-stub.o)
 .debug_frame   0x00003f20       0x20 d:/stm32/plugins/fr.ac6.mcu.externaltools.arm-none.win32_1.17.0.201812190825/tools/compiler/bin/../lib/gcc/arm-none-eabi/7.3.1/../../../../arm-none-eabi/lib/thumb/v7e-m/fpv4-sp/hard\libc_nano.a(lib_a-memset.o)
